// Jest Snapshot v1, https://goo.gl/fbAQLP

exports[`ServiceLinksPopover should match snapshot 1`] = `
<body
  data-scroll-locked="1"
  style="pointer-events: none;"
>
  <span
    aria-hidden="true"
    data-aria-hidden="true"
    data-radix-focus-guard=""
    style="outline: none; opacity: 0; position: fixed; pointer-events: none;"
    tabindex="0"
  />
  <button
    aria-controls="radix-:rd:"
    aria-expanded="true"
    aria-haspopup="dialog"
    aria-hidden="true"
    class=""
    data-aria-hidden="true"
    data-state="open"
    type="button"
  >
    links
  </button>
  <div
    data-radix-popper-content-wrapper=""
    style="position: fixed; left: 0px; top: 0px; transform: translate(0px, 8px); min-width: max-content; --radix-popper-available-width: -20px; --radix-popper-available-height: -18px; --radix-popper-anchor-width: 0px; --radix-popper-anchor-height: 0px; --radix-popper-transform-origin: 100% 0px;"
  >
    <div
      class="rounded bg-white shadow-xl outline-none data-[state=open]:data-[side=bottom]:animate-slidein-up-sm-faded data-[state=open]:data-[side=left]:animate-slidein-right-sm-faded data-[state=open]:data-[side=right]:animate-slidein-left-sm-faded data-[state=open]:data-[side=top]:animate-slidein-down-sm-faded dark:border dark:border-neutral-500 dark:bg-neutral-550 max-w-[280px] border-transparent p-2 text-sm text-neutral-350"
      data-align="end"
      data-side="bottom"
      data-state="open"
      id="radix-:rd:"
      role="dialog"
      style="--radix-popover-content-transform-origin: var(--radix-popper-transform-origin); --radix-popover-content-available-width: var(--radix-popper-available-width); --radix-popover-content-available-height: var(--radix-popper-available-height); --radix-popover-trigger-width: var(--radix-popper-anchor-width); --radix-popover-trigger-height: var(--radix-popper-anchor-height); pointer-events: auto;"
      tabindex="-1"
    >
      <div
        class="flex items-center justify-between p-2"
      >
        <p
          class="font-medium text-neutral-350 dark:text-neutral-250"
        >
          1
           
          link
           attached
        </p>
        <a
          class="cursor-pointer transition duration-100 font-medium inline-flex items-center gap-1 text-brand-500 hover:text-brand-600 dark:hover:text-brand-400 text-ssm"
          href="/organization/:organizationId/project/:projectId/environment/:environmentId/application/:applicationId/settings/domain"
          type="button"
        >
          Customize
          <i
            aria-hidden="true"
            class="fa-regular fa-circle-plus text-xs"
          />
        </a>
      </div>
      <ul
        class="max-h-96 overflow-y-auto"
      >
        <li
          class="flex p-2"
        >
          <span
            class="relative cursor-pointer transition after:absolute after:inset-[-4px] after:block after:content-[''] mr-2 text-brand-500 hover:text-brand-600 dark:hover:text-brand-400"
            data-state="closed"
            data-testid="copy-container"
          >
            <span
              class="icon-solid-copy shrink-0 "
              role="img"
            />
          </span>
          <a
            class="flex w-full items-center justify-between text-neutral-400 transition hover:text-brand-500 dark:text-neutral-50 dark:hover:text-brand-400"
            href="https://qovery.com"
            rel="noreferrer"
            target="_blank"
          >
            <div
              class="mr-2 text-ssm font-medium"
            >
              https://qovery.com
            </div>
            <div
              class="text-xs text-neutral-350 dark:text-neutral-250"
            >
              8080
            </div>
          </a>
        </li>
      </ul>
    </div>
  </div>
  <span
    aria-hidden="true"
    data-aria-hidden="true"
    data-radix-focus-guard=""
    style="outline: none; opacity: 0; position: fixed; pointer-events: none;"
    tabindex="0"
  />
</body>
`;
