// Jest Snapshot v1, https://goo.gl/fbAQLP

exports[`GitPublicRepositorySettings should match snapshot 1`] = `
<body>
  <div>
    <div>
      <div
        class=""
        data-testid="input-text-wrapper"
      >
        <div
          class="relative"
        >
          <div
            aria-label="input-container"
            class="input     "
          >
            <div
              class=""
            >
              <label
                class="translate-y-2 text-sm"
                for="Public repository URL (.git)"
              >
                Public repository URL (.git)
              </label>
              <input
                class="input__value "
                data-testid="input-text"
                id="Public repository URL (.git)"
                name="repository"
                type="text"
                value=""
              />
            </div>
          </div>
        </div>
      </div>
      <a
        class="cursor-pointer transition duration-100 font-medium inline-flex items-center gap-1 text-sky-500 hover:text-sky-600 text-xs ml-3"
        href="https://github.com/qovery/console"
        rel="noopener noreferrer"
        target="_blank"
      >
        Go to repository
        <i
          aria-hidden="true"
          class="fa-solid fa-arrow-up-right-from-square text-2xs leading-4"
        />
      </a>
    </div>
    <div
      class=""
      data-testid="input-text-wrapper"
    >
      <div
        class="relative"
      >
        <div
          aria-label="input-container"
          class="input     "
        >
          <div
            class=""
          >
            <label
              class="translate-y-2 text-sm"
              for="Branch"
            >
              Branch
            </label>
            <input
              class="input__value "
              data-testid="input-text"
              id="Branch"
              name="branch"
              type="text"
              value=""
            />
          </div>
        </div>
      </div>
    </div>
    <div
      class=""
      data-testid="input-text-wrapper"
    >
      <div
        class="relative"
      >
        <div
          aria-label="input-container"
          class="input    input--label-up "
        >
          <div
            class=""
          >
            <label
              class="translate-y-2 text-sm"
              for="Root service path"
            >
              Root service path
            </label>
            <input
              class="input__value "
              data-testid="input-text"
              id="Root service path"
              name="root_path"
              type="text"
              value="/"
            />
          </div>
        </div>
      </div>
    </div>
    <p
      class="ml-4 mt-1 text-xs text-neutral-350"
    >
      Provide the path in the repository where the service is located
    </p>
  </div>
</body>
`;
