// Jest Snapshot v1, https://jestjs.io/docs/snapshot-testing

exports[`TerraformExportModal should match with snapshots 1`] = `
<body>
  <div>
    <div
      class="p-5"
    >
      <h2
        class="h4 max-w-sm truncate text-neutral"
      >
        Export as Terraform
      </h2>
      <p
        class="mt-2 text-sm text-neutral-subtle"
      >
        Export full environment & resources into Terraform manifests (only for Admin).
      </p>
      <form
        class="mt-6"
      >
        <div
          class="flex text-sm items-start"
          data-testid="input-toggle"
        >
          <button
            aria-checked="false"
            aria-label="Export secrets"
            class="w-8 h-4.5 outline-brand-11 inline-flex shrink-0 items-center rounded-full border-0 p-0.5 outline-0 disabled:pointer-events-none focus-visible:[&:active]:outline-0 focus-visible:[&:not(:active)]:outline-2 focus-visible:[&:not(:active)]:outline-offset-2 cursor-pointer bg-surface-neutral-componentActive"
            data-state="unchecked"
            data-testid="input-toggle-button"
            id=":r6:"
            role="switch"
            type="button"
            value="false"
          >
            <span
              aria-label="circle"
              class="w-3.5 h-3.5 block transform rounded-full bg-surface-neutral shadow-lg  "
              data-state="unchecked"
            />
          </button>
          <input
            aria-hidden="true"
            style="transform: translateX(-100%); position: absolute; pointer-events: none; opacity: 0; margin: 0px; width: 0px; height: 0px;"
            tabindex="-1"
            type="checkbox"
            value="false"
          />
          <label
            class="relative -top-0.5 ml-3 cursor-pointer flex flex-col gap-1"
            for=":r6:"
          >
            <p
              class="font-medium text-neutral"
            >
              Export secrets
            </p>
            <div
              class="text-neutral-subtle"
            >
              An optional toggle for secure secrets.
            </div>
          </label>
        </div>
        <div
          class="mt-6 flex justify-end gap-3"
        >
          <button
            class="inline-flex items-center shrink-0 font-medium transition-[background-color,transform] active:scale-[0.97] disabled:scale-100 disabled:pointer-events-none disabled:border disabled:border-neutral disabled:text-neutral-disabled disabled:bg-surface-neutral-component focus-visible:[&:not(:active)]:outline-2 outline-0 select-none outline-neutral-strong text-sm h-10 px-3 gap-x-1.5 rounded-lg text-neutral-subtle hover:bg-surface-neutral-subtle"
            data-testid="cancel-button"
            type="button"
          >
            Cancel
          </button>
          <button
            class="inline-flex items-center shrink-0 font-medium transition-[background-color,transform] active:scale-[0.97] disabled:scale-100 disabled:pointer-events-none disabled:border disabled:border-neutral disabled:text-neutral-disabled disabled:bg-surface-neutral-component focus-visible:[&:not(:active)]:outline-2 outline-0 select-none outline-brand-strong text-sm h-10 px-3 gap-x-1.5 rounded-lg bg-surface-brand-solid hover:bg-surface-brand-solidHover border border-brand-component text-neutralInvert"
            data-testid="submit-button"
            disabled=""
            type="submit"
          >
            Export
          </button>
        </div>
      </form>
    </div>
  </div>
</body>
`;
