// Jest Snapshot v1, https://goo.gl/fbAQLP

exports[`ValuesOverrideArgumentsSetting should match snapshot 1`] = `
<body>
  <div>
    <section
      class="flex flex-col items-start"
    >
      <div
        class="flex w-full justify-between"
      >
        <div>
          <h1
            class="text-neutral-400 text-xl font-bold mb-2"
          >
            Value override as arguments
          </h1>
          <p
            class="mb-2 text-sm text-neutral-350"
          >
            Specify each override by declaring the variable name, value and its type.
          </p>
        </div>
        <button
          class="inline-flex items-center shrink-0 font-medium transition focus-visible:[&:not(:active)]:outline-2 outline-0 shadow-sm disabled:shadow-none active:shadow-none outline-neutral-500 text-sm h-11 px-5 rounded bg-brand-500 active:bg-brand-600 hover:bg-brand-400 text-white disabled:text-brand-300 disabled:bg-brand-100 gap-2"
        >
          Add Variable
          <i
            aria-hidden="true"
            class="fa-solid fa-plus-circle "
          />
        </button>
      </div>
      <span
        aria-controls="radix-:r6:"
        aria-expanded="false"
        aria-haspopup="dialog"
        class="mb-6 cursor-pointer text-sm font-medium text-brand-500 transition hover:text-brand-600"
        data-state="closed"
        type="button"
      >
        How it works 
        <i
          aria-hidden="true"
          class="fa-regular fa-circle-question text-xs"
        />
      </span>
      <button
        class="inline-flex items-center shrink-0 font-medium transition focus-visible:[&:not(:active)]:outline-2 outline-0 shadow-sm disabled:shadow-none active:shadow-none outline-brand-500 text-sm h-9 px-3 rounded border border-neutral-250 dark:border-neutral-400 text-neutral-400 dark:text-white hover:[&:not(:active)]:border-neutral-300 dark:hover:[&:not(:active):not(:disabled)]:border-neutral-350 active:bg-neutral-150 disabled:text-neutral-300 disabled:bg-neutral-100 disabled:border-none bg-neutral-100 dark:bg-neutral-500 hover:[&:not(:active):not(:disabled)]:bg-white dark:hover:[&:not(:active):not(:disabled)]:bg-neutral-400 mb-10"
      >
        See default values.yaml 
        <i
          aria-hidden="true"
          class="fa-solid fa-arrow-up-right-from-square ml-2 text-xs"
        />
      </button>
      <form
        class="w-full"
      >
        <ul>
          <li
            class="mb-3 grid grid-cols-[6fr_6fr_6fr_1fr] gap-x-2"
          >
            <span
              class="text-sm font-medium text-neutral-400"
            >
              Override type
            </span>
            <span
              class="text-sm font-medium text-neutral-400"
            >
              Variable
            </span>
            <span
              class="text-sm font-medium text-neutral-400"
            >
              Value
            </span>
            <span />
          </li>
          <li
            class="mb-3 last:mb-0"
          >
            <div
              class="grid grid-cols-[6fr_6fr_6fr_1fr] items-center gap-x-2"
            >
              <div
                class=" relative flex items-center gap-4"
              >
                <select
                  class="h-9 w-full cursor-pointer appearance-none rounded border border-neutral-250 px-4 py-2 pb-2 pl-2 pr-6 pt-2 text-sm text-neutral-400 bg-neutral-50"
                  data-testid="input-select-small"
                  name="arguments.0.type"
                >
                  <option
                    value="--set"
                  >
                    --set
                  </option>
                  <option
                    value="--set-string"
                  >
                    --set-string
                  </option>
                  <option
                    value="--set-json"
                  >
                    --set-json
                  </option>
                </select>
                <span
                  class="icon-solid-chevron-down shrink-0 pointer-events-none absolute right-4 top-2.5 translate-y-0.5 text-xs leading-3 text-neutral-400"
                  role="img"
                />
              </div>
              <div
                class=""
                data-testid="input-small-wrapper"
              >
                <div
                  class="input input--small flex-grow"
                  data-testid="input"
                >
                  <label
                    class="hidden"
                  />
                  <input
                    class="absolute left-0 top-0 h-full w-full rounded px-2 text-sm text-neutral-400 placeholder:text-neutral-350"
                    data-testid="input-value"
                    name="arguments.0.key"
                    type="text"
                    value="test"
                  />
                </div>
              </div>
              <div
                class="flex w-[calc(100%+36px)]"
              >
                <div
                  class="w-full"
                  data-testid="input-small-wrapper"
                >
                  <div
                    class="input input--small flex-grow"
                    data-testid="input"
                  >
                    <label
                      class="hidden"
                    />
                    <input
                      class="absolute left-0 top-0 h-full w-full rounded px-2 text-sm text-neutral-400 placeholder:text-neutral-350 pr-11"
                      data-testid="input-value"
                      name="arguments.0.value"
                      type="text"
                      value="test"
                    />
                  </div>
                </div>
                <button
                  aria-controls="radix-:r9:"
                  aria-expanded="false"
                  aria-haspopup="dialog"
                  class="inline-flex items-center shrink-0 font-medium transition focus-visible:[&:not(:active)]:outline-2 outline-0 shadow-sm disabled:shadow-none active:shadow-none outline-brand-500 text-sm px-3 rounded border border-neutral-250 dark:border-neutral-400 text-neutral-400 dark:text-white hover:[&:not(:active)]:border-neutral-300 dark:hover:[&:not(:active):not(:disabled)]:border-neutral-350 active:bg-neutral-150 disabled:text-neutral-300 disabled:bg-neutral-100 disabled:border-none bg-neutral-100 dark:bg-neutral-500 hover:[&:not(:active):not(:disabled)]:bg-white dark:hover:[&:not(:active):not(:disabled)]:bg-neutral-400 relative right-[37px] top-[1px] h-[34px] w-9 justify-center rounded-l-none border-b-0 border-r-0 border-t-0 hover:!border-neutral-250"
                  data-state="closed"
                  type="button"
                >
                  <i
                    aria-hidden="true"
                    class="fa-solid fa-wand-magic-sparkles text-sm"
                  />
                </button>
              </div>
              <button
                class="inline-flex items-center shrink-0 font-medium transition focus-visible:[&:not(:active)]:outline-2 outline-0 shadow-sm disabled:shadow-none active:shadow-none bg-white dark:bg-neutral-600 outline-brand-500 text-sm px-3 rounded border border-neutral-250 dark:border-neutral-400 text-neutral-400 dark:text-white hover:[&:not(:active)]:border-neutral-300 dark:hover:[&:not(:active):not(:disabled)]:border-neutral-350 active:bg-neutral-150 disabled:text-neutral-300 disabled:bg-neutral-100 disabled:border-none h-[36px] w-full"
                type="button"
              >
                <i
                  aria-hidden="true"
                  class="fa-solid fa-trash text-neutral-400"
                />
              </button>
            </div>
          </li>
          <li
            class="mb-3 last:mb-0"
          >
            <div
              class="grid grid-cols-[6fr_6fr_6fr_1fr] items-center gap-x-2"
            >
              <div
                class=" relative flex items-center gap-4"
              >
                <select
                  class="h-9 w-full cursor-pointer appearance-none rounded border border-neutral-250 px-4 py-2 pb-2 pl-2 pr-6 pt-2 text-sm text-neutral-400 bg-neutral-50"
                  data-testid="input-select-small"
                  name="arguments.1.type"
                >
                  <option
                    value="--set"
                  >
                    --set
                  </option>
                  <option
                    value="--set-string"
                  >
                    --set-string
                  </option>
                  <option
                    value="--set-json"
                  >
                    --set-json
                  </option>
                </select>
                <span
                  class="icon-solid-chevron-down shrink-0 pointer-events-none absolute right-4 top-2.5 translate-y-0.5 text-xs leading-3 text-neutral-400"
                  role="img"
                />
              </div>
              <div
                class=""
                data-testid="input-small-wrapper"
              >
                <div
                  class="input input--small flex-grow"
                  data-testid="input"
                >
                  <label
                    class="hidden"
                  />
                  <input
                    class="absolute left-0 top-0 h-full w-full rounded px-2 text-sm text-neutral-400 placeholder:text-neutral-350"
                    data-testid="input-value"
                    name="arguments.1.key"
                    type="text"
                    value="test2"
                  />
                </div>
              </div>
              <button
                class="inline-flex items-center shrink-0 font-medium transition focus-visible:[&:not(:active)]:outline-2 outline-0 shadow-sm disabled:shadow-none active:shadow-none outline-brand-500 text-sm px-3 rounded border border-neutral-250 dark:border-neutral-400 text-neutral-400 dark:text-white hover:[&:not(:active)]:border-neutral-300 dark:hover:[&:not(:active):not(:disabled)]:border-neutral-350 active:bg-neutral-150 disabled:text-neutral-300 disabled:bg-neutral-100 disabled:border-none bg-neutral-100 dark:bg-neutral-500 hover:[&:not(:active):not(:disabled)]:bg-white dark:hover:[&:not(:active):not(:disabled)]:bg-neutral-400 h-[36px] justify-between"
                type="button"
              >
                Close json
                <i
                  aria-hidden="true"
                  class="fa-solid fa-angle-down text-neutral-400"
                />
              </button>
              <button
                class="inline-flex items-center shrink-0 font-medium transition focus-visible:[&:not(:active)]:outline-2 outline-0 shadow-sm disabled:shadow-none active:shadow-none bg-white dark:bg-neutral-600 outline-brand-500 text-sm px-3 rounded border border-neutral-250 dark:border-neutral-400 text-neutral-400 dark:text-white hover:[&:not(:active)]:border-neutral-300 dark:hover:[&:not(:active):not(:disabled)]:border-neutral-350 active:bg-neutral-150 disabled:text-neutral-300 disabled:bg-neutral-100 disabled:border-none h-[36px] w-full"
                type="button"
              >
                <i
                  aria-hidden="true"
                  class="fa-solid fa-trash text-neutral-400"
                />
              </button>
            </div>
            <div
              class="relative mt-3 overflow-hidden rounded border border-neutral-250"
            >
              <section
                style="display: flex; position: relative; text-align: initial; width: 100%; height: 496px;"
              >
                <div
                  style="display: flex; height: 100%; width: 100%; justify-content: center; align-items: center;"
                >
                  <div
                    class="aspect-square border-2  rounded-full border-solid border-r-neutral-500 animate-spin w-4 "
                    data-testid="spinner"
                  />
                </div>
                <div
                  style="width: 100%; display: none;"
                />
              </section>
              <button
                aria-controls="radix-:rc:"
                aria-expanded="false"
                aria-haspopup="dialog"
                class="inline-flex items-center shrink-0 font-medium transition focus-visible:[&:not(:active)]:outline-2 outline-0 shadow-sm disabled:shadow-none active:shadow-none outline-brand-500 text-sm h-9 rounded border border-neutral-250 dark:border-neutral-400 text-neutral-400 dark:text-white hover:[&:not(:active)]:border-neutral-300 dark:hover:[&:not(:active):not(:disabled)]:border-neutral-350 active:bg-neutral-150 disabled:text-neutral-300 disabled:bg-neutral-100 disabled:border-none bg-neutral-100 dark:bg-neutral-500 hover:[&:not(:active):not(:disabled)]:bg-white dark:hover:[&:not(:active):not(:disabled)]:bg-neutral-400 absolute right-4 top-4 px-2.5"
                data-state="closed"
                type="button"
              >
                <i
                  aria-hidden="true"
                  class="fa-solid fa-wand-magic-sparkles text-sm"
                />
              </button>
            </div>
          </li>
          <li
            class="mb-3 last:mb-0"
          >
            <div
              class="grid grid-cols-[6fr_6fr_6fr_1fr] items-center gap-x-2"
            >
              <div
                class=" relative flex items-center gap-4"
              >
                <select
                  class="h-9 w-full cursor-pointer appearance-none rounded border border-neutral-250 px-4 py-2 pb-2 pl-2 pr-6 pt-2 text-sm text-neutral-400 bg-neutral-50"
                  data-testid="input-select-small"
                  name="arguments.2.type"
                >
                  <option
                    value="--set"
                  >
                    --set
                  </option>
                  <option
                    value="--set-string"
                  >
                    --set-string
                  </option>
                  <option
                    value="--set-json"
                  >
                    --set-json
                  </option>
                </select>
                <span
                  class="icon-solid-chevron-down shrink-0 pointer-events-none absolute right-4 top-2.5 translate-y-0.5 text-xs leading-3 text-neutral-400"
                  role="img"
                />
              </div>
              <div
                class=""
                data-testid="input-small-wrapper"
              >
                <div
                  class="input input--small flex-grow"
                  data-testid="input"
                >
                  <label
                    class="hidden"
                  />
                  <input
                    class="absolute left-0 top-0 h-full w-full rounded px-2 text-sm text-neutral-400 placeholder:text-neutral-350"
                    data-testid="input-value"
                    name="arguments.2.key"
                    type="text"
                    value="test3"
                  />
                </div>
              </div>
              <div
                class="flex w-[calc(100%+36px)]"
              >
                <div
                  class="w-full"
                  data-testid="input-small-wrapper"
                >
                  <div
                    class="input input--small flex-grow"
                    data-testid="input"
                  >
                    <label
                      class="hidden"
                    />
                    <input
                      class="absolute left-0 top-0 h-full w-full rounded px-2 text-sm text-neutral-400 placeholder:text-neutral-350 pr-11"
                      data-testid="input-value"
                      name="arguments.2.value"
                      type="text"
                      value="test"
                    />
                  </div>
                </div>
                <button
                  aria-controls="radix-:rf:"
                  aria-expanded="false"
                  aria-haspopup="dialog"
                  class="inline-flex items-center shrink-0 font-medium transition focus-visible:[&:not(:active)]:outline-2 outline-0 shadow-sm disabled:shadow-none active:shadow-none outline-brand-500 text-sm px-3 rounded border border-neutral-250 dark:border-neutral-400 text-neutral-400 dark:text-white hover:[&:not(:active)]:border-neutral-300 dark:hover:[&:not(:active):not(:disabled)]:border-neutral-350 active:bg-neutral-150 disabled:text-neutral-300 disabled:bg-neutral-100 disabled:border-none bg-neutral-100 dark:bg-neutral-500 hover:[&:not(:active):not(:disabled)]:bg-white dark:hover:[&:not(:active):not(:disabled)]:bg-neutral-400 relative right-[37px] top-[1px] h-[34px] w-9 justify-center rounded-l-none border-b-0 border-r-0 border-t-0 hover:!border-neutral-250"
                  data-state="closed"
                  type="button"
                >
                  <i
                    aria-hidden="true"
                    class="fa-solid fa-wand-magic-sparkles text-sm"
                  />
                </button>
              </div>
              <button
                class="inline-flex items-center shrink-0 font-medium transition focus-visible:[&:not(:active)]:outline-2 outline-0 shadow-sm disabled:shadow-none active:shadow-none bg-white dark:bg-neutral-600 outline-brand-500 text-sm px-3 rounded border border-neutral-250 dark:border-neutral-400 text-neutral-400 dark:text-white hover:[&:not(:active)]:border-neutral-300 dark:hover:[&:not(:active):not(:disabled)]:border-neutral-350 active:bg-neutral-150 disabled:text-neutral-300 disabled:bg-neutral-100 disabled:border-none h-[36px] w-full"
                type="button"
              >
                <i
                  aria-hidden="true"
                  class="fa-solid fa-trash text-neutral-400"
                />
              </button>
            </div>
          </li>
        </ul>
      </form>
    </section>
  </div>
  <script
    src="https://cdn.jsdelivr.net/npm/monaco-editor@0.43.0/min/vs/loader.js"
  />
</body>
`;
