// Jest Snapshot v1, https://goo.gl/fbAQLP

exports[`LastCommit should match snapshot 1`] = `
<body>
  <div>
    <span
      class="relative"
      data-state="closed"
    >
      <button
        class="inline-flex items-center shrink-0 font-medium transition focus-visible:[&:not(:active)]:outline-2 outline-0 shadow-sm disabled:shadow-none active:shadow-none outline-brand-500 text-xs h-5 px-1 rounded border border-neutral-250 dark:border-neutral-350 text-neutral-400 dark:text-neutral-300 hover:[&:not(:active)]:border-neutral-300 active:bg-neutral-150 disabled:text-neutral-300 disabled:bg-neutral-100 disabled:border-none bg-neutral-100 dark:bg-neutral-500 dark:hover:bg-neutral-550 hover:[&:not(:active):not(:disabled)]:bg-transparent group justify-between"
        type="button"
      >
        <i
          aria-hidden="true"
          class="fa-solid fa-copy hidden group-hover:inline w-4"
        />
        <i
          aria-hidden="true"
          class="fa-solid fa-code-commit group-hover:hidden w-4"
        />
        ddd1cee
      </button>
    </span>
  </div>
</body>
`;
