// Jest Snapshot v1, https://goo.gl/fbAQLP

exports[`LastCommit should match snapshot 1`] = `
<body>
  <div>
    <span
      class="relative"
      data-state="closed"
    >
      <button
        class="inline-flex items-center shrink-0 font-medium transition focus-visible:[&:not(:active)]:outline-2 outline-0 shadow-sm disabled:shadow-none active:shadow-none outline-brand-500 text-xs h-6 px-2 rounded border border-neutral-250 dark:border-neutral-400 text-neutral-400 dark:text-white hover:[&:not(:active)]:border-neutral-300 dark:hover:[&:not(:active):not(:disabled)]:border-neutral-350 active:bg-neutral-150 disabled:text-neutral-300 disabled:bg-neutral-100 disabled:border-none bg-neutral-100 dark:bg-neutral-500 hover:[&:not(:active):not(:disabled)]:bg-white dark:hover:[&:not(:active):not(:disabled)]:bg-neutral-400 group justify-between gap-1"
        type="button"
      >
        <i
          aria-hidden="true"
          class="fa-solid fa-copy hidden w-4 group-hover:inline"
        />
        <i
          aria-hidden="true"
          class="fa-light fa-code-commit w-4 group-hover:hidden"
        />
        ddd1cee
      </button>
    </span>
  </div>
</body>
`;
