// Jest Snapshot v1, https://goo.gl/fbAQLP

exports[`VariableList should match snapshot 1`] = `
<div>
  <div
    class="flex grow flex-col justify-between"
  >
    <table
      class="divide-y divide-neutral-200 text-neutral-400 w-full min-w-[800px] table-fixed text-xs"
    >
      <thead>
        <tr>
          <th
            class="h-11 px-4 text-left relative font-medium"
            style="width: 20px;"
          >
            <div
              class="h-5"
            >
              <button
                aria-checked="false"
                class="group transition bg-neutral-100 dark:bg-neutral-500 border border-neutral-300 dark:border-neutral-350 rounded-sm w-[18px] h-[18px] hover:border-2 data-[state=checked]:border data-[state=indeterminate]:border-2 disabled:border disabled:border-neutral-250 hover:border-brand-500 dark:hover:border-brand-500 data-[state=checked]:bg-brand-500 dark:data-[state=checked]:bg-brand-500 data-[state=checked]:border-brand-500 dark:data-[state=checked]:border-brand-500 data-[state=indeterminate]:border-brand-500 disabled:data-[state=checked]:border-brand-300 disabled:data-[state=checked]:bg-brand-300 disabled:data-[state=indeterminate]:border-brand-300"
                data-state="unchecked"
                role="checkbox"
                type="button"
                value="on"
              />
            </div>
          </th>
          <th
            class="h-11 px-4 text-left relative font-medium"
            style="width: 40%;"
          >
            <button
              class="flex items-center gap-1 cursor-pointer select-none"
              type="button"
            >
              9 variables
            </button>
            <span
              class="absolute -right-9 top-[7px]"
            >
              <span
                class="group relative"
              >
                <i
                  aria-hidden="true"
                  class="fa-solid fa-magnifying-glass absolute left-2 top-1/2 block -translate-y-1/2 text-xs text-neutral-350 transition-colors group-hover:text-neutral-400"
                />
                <input
                  class="w-36 rounded border border-neutral-250 py-1.5 pl-7 outline-0 transition-colors placeholder:text-neutral-350 group-hover:border-neutral-350"
                  placeholder="Search"
                  value=""
                />
              </span>
            </span>
          </th>
          <th
            class="h-11 px-4 text-left border-r pl-0 relative font-medium"
            style="width: 50px;"
          />
          <th
            class="h-11 px-4 text-left relative font-medium"
            style="width: 20%;"
          >
            <div
              class="relative inline-block"
            >
              <button
                aria-controls="radix-:r26:"
                aria-expanded="false"
                aria-haspopup="dialog"
                class="inline-flex items-center shrink-0 font-medium transition focus-visible:[&:not(:active)]:outline-2 outline-0 shadow-sm disabled:shadow-none active:shadow-none outline-brand-500 h-7 px-2 rounded border border-neutral-250 dark:border-neutral-400 text-neutral-400 dark:text-white hover:[&:not(:active)]:border-neutral-300 dark:hover:[&:not(:active):not(:disabled)]:border-neutral-350 active:bg-neutral-150 disabled:text-neutral-300 disabled:bg-neutral-100 disabled:border-none bg-neutral-100 dark:bg-neutral-500 hover:[&:not(:active):not(:disabled)]:bg-white dark:hover:[&:not(:active):not(:disabled)]:bg-neutral-400 gap-1 whitespace-nowrap text-xs"
                data-state="closed"
                type="button"
              >
                Value
                <i
                  aria-hidden="true"
                  class="fa-solid fa-chevron-down "
                />
              </button>
            </div>
          </th>
          <th
            class="h-11 px-4 text-left relative font-medium"
            style="width: 15%;"
          >
            <div
              class="relative inline-block"
            >
              <button
                aria-controls="radix-:r29:"
                aria-expanded="false"
                aria-haspopup="dialog"
                class="inline-flex items-center shrink-0 font-medium transition focus-visible:[&:not(:active)]:outline-2 outline-0 shadow-sm disabled:shadow-none active:shadow-none outline-brand-500 h-7 px-2 rounded border border-neutral-250 dark:border-neutral-400 text-neutral-400 dark:text-white hover:[&:not(:active)]:border-neutral-300 dark:hover:[&:not(:active):not(:disabled)]:border-neutral-350 active:bg-neutral-150 disabled:text-neutral-300 disabled:bg-neutral-100 disabled:border-none bg-neutral-100 dark:bg-neutral-500 hover:[&:not(:active):not(:disabled)]:bg-white dark:hover:[&:not(:active):not(:disabled)]:bg-neutral-400 gap-1 whitespace-nowrap text-xs"
                data-state="closed"
                type="button"
              >
                Service link
                <i
                  aria-hidden="true"
                  class="fa-solid fa-chevron-down "
                />
              </button>
            </div>
          </th>
          <th
            class="h-11 px-4 text-left relative font-medium"
            style="width: 10%;"
          >
            <div
              class="relative inline-block"
            >
              <button
                aria-controls="radix-:r2c:"
                aria-expanded="false"
                aria-haspopup="dialog"
                class="inline-flex items-center shrink-0 font-medium transition focus-visible:[&:not(:active)]:outline-2 outline-0 shadow-sm disabled:shadow-none active:shadow-none outline-brand-500 h-7 px-2 rounded border border-neutral-250 dark:border-neutral-400 text-neutral-400 dark:text-white hover:[&:not(:active)]:border-neutral-300 dark:hover:[&:not(:active):not(:disabled)]:border-neutral-350 active:bg-neutral-150 disabled:text-neutral-300 disabled:bg-neutral-100 disabled:border-none bg-neutral-100 dark:bg-neutral-500 hover:[&:not(:active):not(:disabled)]:bg-white dark:hover:[&:not(:active):not(:disabled)]:bg-neutral-400 gap-1 whitespace-nowrap text-xs"
                data-state="closed"
                type="button"
              >
                Scope
                <i
                  aria-hidden="true"
                  class="fa-solid fa-chevron-down "
                />
              </button>
            </div>
          </th>
          <th
            class="h-11 px-4 text-left relative font-medium"
            style="width: 12%;"
          >
            <button
              class="flex items-center gap-1 cursor-pointer select-none"
              type="button"
            >
              Last update
            </button>
          </th>
        </tr>
      </thead>
      <tbody
        class="divide-y divide-neutral-200"
      >
        <tr
          class="h-16 cursor-pointer hover:bg-neutral-100"
        >
          <td
            class="h-14 px-4 py-0 first:relative"
            style="width: 20px;"
          />
          <td
            class="h-14 px-4 py-0 first:relative"
            style="width: 40%;"
          >
            <div
              class="flex flex-col justify-center gap-1"
            >
              <div
                class="flex items-center gap-2"
              >
                <div
                  class="truncate"
                >
                  <span
                    class="truncate text-sm font-medium"
                    data-state="closed"
                  >
                    QOVERY_OUTPUT_JOB_Z33962E52_DB_USERNAME
                  </span>
                </div>
              </div>
            </div>
          </td>
          <td
            class="h-14 px-4 py-0 border-r pl-0 first:relative"
            style="width: 9007199254740991%;"
          >
            <button
              aria-expanded="false"
              aria-haspopup="menu"
              aria-label="actions"
              class="inline-flex items-center shrink-0 font-medium transition focus-visible:[&:not(:active)]:outline-2 outline-0 shadow-sm disabled:shadow-none active:shadow-none bg-white dark:bg-neutral-600 outline-brand-500 text-sm h-9 px-3 rounded border border-neutral-250 dark:border-neutral-400 text-neutral-400 dark:text-white hover:[&:not(:active)]:border-neutral-300 dark:hover:[&:not(:active):not(:disabled)]:border-neutral-350 active:bg-neutral-150 disabled:text-neutral-300 disabled:bg-neutral-100 disabled:border-none"
              data-state="closed"
              id="radix-:r2e:"
              type="button"
            >
              <i
                aria-hidden="true"
                class="fa-regular fa-ellipsis-vertical mx-1"
              />
            </button>
          </td>
          <td
            class="h-14 px-4 py-0 first:relative"
            style="width: 20%;"
          >
            <span
              class="flex items-center gap-2 text-sm"
            >
              <button
                class="w-4 text-brand-500"
                data-state="closed"
                data-testid="toggle-button"
                type="button"
              >
                <i
                  aria-hidden="true"
                  class="fa-regular fa-eye "
                />
              </button>
              <span
                class="pt-1.5 text-xl font-medium tracking-widest text-neutral-350"
                data-state="closed"
                data-testid="hide_value"
              >
                *************
              </span>
            </span>
          </td>
          <td
            class="h-14 px-4 py-0 first:relative"
            style="width: 15%;"
          >
            <a
              class="flex items-center gap-2 text-sm font-medium"
              href="/organization/3d542888-3d2c-474a-b1ad-712556db66da/project/cf021d82-2c5e-41de-96eb-eb69c022eddc/environment/55867c71-56f9-4b4f-ab22-5904c9dbafda/application/33962e52-7883-42fd-8613-85e04229a9b6/general"
            >
              rds_terraform
            </a>
          </td>
          <td
            class="h-14 px-4 py-0 first:relative"
            style="width: 10%;"
          >
            <span
              class="text-sm font-medium capitalize"
            >
              built_in
            </span>
          </td>
          <td
            class="h-14 px-4 py-0 first:relative"
            style="width: 12%;"
          >
            <span
              class="text-xs text-neutral-350"
              data-state="closed"
            >
              13 days
               ago
            </span>
          </td>
        </tr>
        <tr
          class="h-16 cursor-pointer hover:bg-neutral-100"
        >
          <td
            class="h-14 px-4 py-0 first:relative"
            style="width: 20px;"
          >
            <label
              class="absolute inset-y-0 left-0 flex items-center p-4"
            >
              <button
                aria-checked="false"
                class="group transition bg-neutral-100 dark:bg-neutral-500 border border-neutral-300 dark:border-neutral-350 rounded-sm w-[18px] h-[18px] hover:border-2 data-[state=checked]:border data-[state=indeterminate]:border-2 disabled:border disabled:border-neutral-250 hover:border-brand-500 dark:hover:border-brand-500 data-[state=checked]:bg-brand-500 dark:data-[state=checked]:bg-brand-500 data-[state=checked]:border-brand-500 dark:data-[state=checked]:border-brand-500 data-[state=indeterminate]:border-brand-500 disabled:data-[state=checked]:border-brand-300 disabled:data-[state=checked]:bg-brand-300 disabled:data-[state=indeterminate]:border-brand-300"
                data-state="unchecked"
                role="checkbox"
                type="button"
                value="on"
              />
            </label>
          </td>
          <td
            class="h-14 px-4 py-0 first:relative"
            style="width: 40%;"
          >
            <div
              class="flex flex-col justify-center gap-1"
            >
              <div
                class="flex items-center gap-2"
              >
                <div
                  class="truncate"
                >
                  <span
                    class="mr-2 inline-flex h-4 items-center rounded-sm bg-teal-500 px-1 text-2xs font-bold text-neutral-50"
                  >
                    ALIAS
                  </span>
                  <span
                    class="truncate text-sm font-medium"
                    data-state="closed"
                  >
                    DB_USERNAME
                  </span>
                </div>
              </div>
              <div
                class="flex flex-row gap-1 text-2xs text-neutral-350"
              >
                <i
                  aria-hidden="true"
                  class="fa-regular fa-arrow-turn-down-right text-2xs text-neutral-300"
                />
                <span>
                  QOVERY_OUTPUT_JOB_Z33962E52_DB_USERNAME
                </span>
              </div>
            </div>
          </td>
          <td
            class="h-14 px-4 py-0 border-r pl-0 first:relative"
            style="width: 9007199254740991%;"
          >
            <button
              aria-expanded="false"
              aria-haspopup="menu"
              aria-label="actions"
              class="inline-flex items-center shrink-0 font-medium transition focus-visible:[&:not(:active)]:outline-2 outline-0 shadow-sm disabled:shadow-none active:shadow-none bg-white dark:bg-neutral-600 outline-brand-500 text-sm h-9 px-3 rounded border border-neutral-250 dark:border-neutral-400 text-neutral-400 dark:text-white hover:[&:not(:active)]:border-neutral-300 dark:hover:[&:not(:active):not(:disabled)]:border-neutral-350 active:bg-neutral-150 disabled:text-neutral-300 disabled:bg-neutral-100 disabled:border-none"
              data-state="closed"
              id="radix-:r2k:"
              type="button"
            >
              <i
                aria-hidden="true"
                class="fa-regular fa-ellipsis-vertical mx-1"
              />
            </button>
          </td>
          <td
            class="h-14 px-4 py-0 first:relative"
            style="width: 20%;"
          />
          <td
            class="h-14 px-4 py-0 first:relative"
            style="width: 15%;"
          />
          <td
            class="h-14 px-4 py-0 first:relative"
            style="width: 10%;"
          >
            <span
              class="text-sm font-medium capitalize"
            >
              environment
            </span>
          </td>
          <td
            class="h-14 px-4 py-0 first:relative"
            style="width: 12%;"
          >
            <span
              class="text-xs text-neutral-350"
              data-state="closed"
            >
              6 months
               ago
            </span>
          </td>
        </tr>
        <tr
          class="h-16 cursor-pointer hover:bg-neutral-100"
        >
          <td
            class="h-14 px-4 py-0 first:relative"
            style="width: 20px;"
          >
            <label
              class="absolute inset-y-0 left-0 flex items-center p-4"
            >
              <button
                aria-checked="false"
                class="group transition bg-neutral-100 dark:bg-neutral-500 border border-neutral-300 dark:border-neutral-350 rounded-sm w-[18px] h-[18px] hover:border-2 data-[state=checked]:border data-[state=indeterminate]:border-2 disabled:border disabled:border-neutral-250 hover:border-brand-500 dark:hover:border-brand-500 data-[state=checked]:bg-brand-500 dark:data-[state=checked]:bg-brand-500 data-[state=checked]:border-brand-500 dark:data-[state=checked]:border-brand-500 data-[state=indeterminate]:border-brand-500 disabled:data-[state=checked]:border-brand-300 disabled:data-[state=checked]:bg-brand-300 disabled:data-[state=indeterminate]:border-brand-300"
                data-state="unchecked"
                role="checkbox"
                type="button"
                value="on"
              />
            </label>
          </td>
          <td
            class="h-14 px-4 py-0 first:relative"
            style="width: 40%;"
          >
            <div
              class="flex flex-col justify-center gap-1"
            >
              <div
                class="flex items-center gap-2"
              >
                <div
                  class="truncate"
                >
                  <span
                    class="mr-2 inline-flex h-4 items-center rounded-sm bg-teal-500 px-1 text-2xs font-bold text-neutral-50"
                  >
                    ALIAS
                  </span>
                  <span
                    class="truncate text-sm font-medium"
                    data-state="closed"
                  >
                    DB_HOST
                  </span>
                </div>
              </div>
              <div
                class="flex flex-row gap-1 text-2xs text-neutral-350"
              >
                <i
                  aria-hidden="true"
                  class="fa-regular fa-arrow-turn-down-right text-2xs text-neutral-300"
                />
                <span>
                  QOVERY_OUTPUT_JOB_ZEDE360F7_DB_HOST
                </span>
              </div>
            </div>
          </td>
          <td
            class="h-14 px-4 py-0 border-r pl-0 first:relative"
            style="width: 9007199254740991%;"
          >
            <button
              aria-expanded="false"
              aria-haspopup="menu"
              aria-label="actions"
              class="inline-flex items-center shrink-0 font-medium transition focus-visible:[&:not(:active)]:outline-2 outline-0 shadow-sm disabled:shadow-none active:shadow-none bg-white dark:bg-neutral-600 outline-brand-500 text-sm h-9 px-3 rounded border border-neutral-250 dark:border-neutral-400 text-neutral-400 dark:text-white hover:[&:not(:active)]:border-neutral-300 dark:hover:[&:not(:active):not(:disabled)]:border-neutral-350 active:bg-neutral-150 disabled:text-neutral-300 disabled:bg-neutral-100 disabled:border-none"
              data-state="closed"
              id="radix-:r2o:"
              type="button"
            >
              <i
                aria-hidden="true"
                class="fa-regular fa-ellipsis-vertical mx-1"
              />
            </button>
          </td>
          <td
            class="h-14 px-4 py-0 first:relative"
            style="width: 20%;"
          />
          <td
            class="h-14 px-4 py-0 first:relative"
            style="width: 15%;"
          />
          <td
            class="h-14 px-4 py-0 first:relative"
            style="width: 10%;"
          >
            <span
              class="text-sm font-medium capitalize"
            >
              environment
            </span>
          </td>
          <td
            class="h-14 px-4 py-0 first:relative"
            style="width: 12%;"
          >
            <span
              class="text-xs text-neutral-350"
              data-state="closed"
            >
              2 months
               ago
            </span>
          </td>
        </tr>
        <tr
          class="h-16 cursor-pointer hover:bg-neutral-100"
        >
          <td
            class="h-14 px-4 py-0 first:relative"
            style="width: 20px;"
          >
            <label
              class="absolute inset-y-0 left-0 flex items-center p-4"
            >
              <button
                aria-checked="false"
                class="group transition bg-neutral-100 dark:bg-neutral-500 border border-neutral-300 dark:border-neutral-350 rounded-sm w-[18px] h-[18px] hover:border-2 data-[state=checked]:border data-[state=indeterminate]:border-2 disabled:border disabled:border-neutral-250 hover:border-brand-500 dark:hover:border-brand-500 data-[state=checked]:bg-brand-500 dark:data-[state=checked]:bg-brand-500 data-[state=checked]:border-brand-500 dark:data-[state=checked]:border-brand-500 data-[state=indeterminate]:border-brand-500 disabled:data-[state=checked]:border-brand-300 disabled:data-[state=checked]:bg-brand-300 disabled:data-[state=indeterminate]:border-brand-300"
                data-state="unchecked"
                role="checkbox"
                type="button"
                value="on"
              />
            </label>
          </td>
          <td
            class="h-14 px-4 py-0 first:relative"
            style="width: 40%;"
          >
            <div
              class="flex flex-col justify-center gap-1"
            >
              <div
                class="flex items-center gap-2"
              >
                <div
                  class="truncate"
                >
                  <span
                    class="mr-2 inline-flex h-4 items-center rounded-sm bg-purple-500 px-1 text-2xs font-bold text-neutral-50"
                  >
                    FILE
                  </span>
                  <span
                    class="truncate text-sm font-medium"
                    data-state="closed"
                  >
                    grafana_config
                  </span>
                </div>
              </div>
            </div>
          </td>
          <td
            class="h-14 px-4 py-0 border-r pl-0 first:relative"
            style="width: 9007199254740991%;"
          >
            <button
              aria-expanded="false"
              aria-haspopup="menu"
              aria-label="actions"
              class="inline-flex items-center shrink-0 font-medium transition focus-visible:[&:not(:active)]:outline-2 outline-0 shadow-sm disabled:shadow-none active:shadow-none bg-white dark:bg-neutral-600 outline-brand-500 text-sm h-9 px-3 rounded border border-neutral-250 dark:border-neutral-400 text-neutral-400 dark:text-white hover:[&:not(:active)]:border-neutral-300 dark:hover:[&:not(:active):not(:disabled)]:border-neutral-350 active:bg-neutral-150 disabled:text-neutral-300 disabled:bg-neutral-100 disabled:border-none"
              data-state="closed"
              id="radix-:r2s:"
              type="button"
            >
              <i
                aria-hidden="true"
                class="fa-regular fa-ellipsis-vertical mx-1"
              />
            </button>
          </td>
          <td
            class="h-14 px-4 py-0 first:relative"
            style="width: 20%;"
          >
            <div
              class="flex items-center gap-3"
            >
              <i
                aria-hidden="true"
                class="fa-solid fa-file-lines ml-0.5 text-neutral-400"
              />
              <span
                class="cursor-pointer text-sky-500 hover:underline"
              >
                /tmp/config
              </span>
            </div>
          </td>
          <td
            class="h-14 px-4 py-0 first:relative"
            style="width: 15%;"
          >
            <a
              class="flex items-center gap-2 text-sm font-medium"
              href="/organization/3d542888-3d2c-474a-b1ad-712556db66da/project/cf021d82-2c5e-41de-96eb-eb69c022eddc/environment/55867c71-56f9-4b4f-ab22-5904c9dbafda/application/037c9e87-e098-4970-8b1f-9a5ffe9e4b89/general"
            >
              <svg
                class="shrink-0 w-4"
                fill="none"
                name="APPLICATION"
                viewBox="0 0 20 20"
                width="1.5rem"
                xmlns="http://www.w3.org/2000/svg"
              >
                <path
                  d="M8.651 18.034h.001c.416.232.88.35 1.35.34a2.64 2.64 0 001.347-.34h.001l7.051-4.295a.9.9 0 00.43-.343.975.975 0 000-1.086.9.9 0 00-.43-.343l-7.05-4.294h0l-.003-.002a2.858 2.858 0 00-1.347-.339c-.469 0-.93.116-1.348.34h0-.002l-7.049 4.296c-.164.078-.305.2-.41.355a1.101 1.101 0 00-.182.525h0v.007c.016.189.08.37.184.525.104.155.244.279.408.358l7.05 4.296zm9.654-4.492v-.001l-.008.005-7.05 4.303a2.649 2.649 0 01-1.246.313c-.433 0-.86-.107-1.247-.313l-7.05-4.303v-.001l-.008-.003a.697.697 0 01-.343-.266.763.763 0 010-.86.697.697 0 01.343-.267v.001l.008-.004 7.05-4.296a2.648 2.648 0 011.247-.314c.433 0 .86.108 1.246.314l7.05 4.296h0l.008.003a.697.697 0 01.343.267.763.763 0 010 .86.697.697 0 01-.343.266z"
                  fill="#42E8E0"
                  stroke="#42E8E0"
                  stroke-width="0.083"
                />
                <path
                  d="M19.166 11.203V8.656l-.442-.26c-.124.794-1.008 1.321-1.753 1.43l-5.052 3.115-2.206.843L2.676 9.95l.164-.097c-.602-.298-.927-.979-1.25-1.596l-.475.298-.282.082v2.593c.019.196.086.384.195.544.109.16.256.288.426.37L8.5 16.44c.464.247.977.376 1.497.376.52 0 1.033-.129 1.497-.376l7.051-4.296c.167-.08.312-.206.42-.363.108-.156.176-.34.197-.533v-.045h.003z"
                  fill="#42E8E0"
                  opacity="0.4"
                />
                <path
                  d="M19.166 8.938V7.253l-.442-.26c-.124.794-1.008 1.32-1.753 1.43l-5.052 3.119-2.206.839-7.037-3.834.164-.098c-.602-.297-.927-.974-1.25-1.595l-.475.297-.282.087v1.727c.019.196.086.384.195.544.109.16.256.288.426.37L8.5 14.175c.464.247.977.376 1.497.376.52 0 1.033-.129 1.497-.376l7.051-4.296c.168-.081.313-.207.42-.364.109-.158.176-.342.197-.535v-.042h.003z"
                  fill="url(#paint0_linear_10141_398872)"
                />
                <path
                  d="M16.971 8.423l-5.05 3.119-1.919.73v2.28a2.929 2.929 0 001.498-.377l7.05-4.296c.168-.081.313-.207.42-.364.109-.158.177-.342.197-.535V7.253l-.403-.237h-.042c-.136.782-1.013 1.298-1.75 1.407z"
                  fill="#0F054C"
                  opacity="0.3"
                />
                <path
                  d="M8.502 12.452L1.454 8.163c-.827-.5-.827-1.32 0-1.824l7.048-4.297a3.188 3.188 0 011.497-.375c.52 0 1.033.128 1.497.375l7.05 4.297c.824.504.824 1.324 0 1.824l-7.046 4.29a3.168 3.168 0 01-2.998 0z"
                  fill="url(#paint1_linear_10141_398872)"
                />
                <path
                  d="M18.55 8.163l-7.05 4.29a3.168 3.168 0 01-1.498.378c-.52 0-1.033-.13-1.497-.378l-7.051-4.29a1.116 1.116 0 01-.396-.327 1.195 1.195 0 01-.217-.478c-.05.377.153.753.613 1.016L8.5 12.671c.464.248.977.378 1.497.378.52 0 1.034-.13 1.498-.378l7.05-4.297c.189-.082.348-.224.457-.406a1.09 1.09 0 00.153-.61c-.036.174-.11.337-.215.477-.105.14-.239.252-.391.328z"
                  fill="#fff"
                />
                <defs>
                  <lineargradient
                    gradientUnits="userSpaceOnUse"
                    id="paint0_linear_10141_398872"
                    x1="4723.62"
                    x2="5068.67"
                    y1="801.697"
                    y2="1276.19"
                  >
                    <stop
                      stop-color="#BCBEFF"
                    />
                    <stop
                      offset="0.23"
                      stop-color="#AAADF8"
                    />
                    <stop
                      offset="0.68"
                      stop-color="#7C83E5"
                    />
                    <stop
                      offset="1"
                      stop-color="#5761D7"
                    />
                  </lineargradient>
                  <lineargradient
                    gradientUnits="userSpaceOnUse"
                    id="paint1_linear_10141_398872"
                    x1="4629.08"
                    x2="5571.81"
                    y1="1254.11"
                    y2="1254.11"
                  >
                    <stop
                      stop-color="#E9E9FD"
                    />
                    <stop
                      offset="0.36"
                      stop-color="#D3D2F9"
                    />
                    <stop
                      offset="0.71"
                      stop-color="#C5C4F7"
                    />
                    <stop
                      offset="1"
                      stop-color="#C0BFF6"
                    />
                  </lineargradient>
                </defs>
              </svg>
              FRONT-END
            </a>
          </td>
          <td
            class="h-14 px-4 py-0 first:relative"
            style="width: 10%;"
          >
            <span
              class="text-sm font-medium capitalize"
            >
              application
            </span>
          </td>
          <td
            class="h-14 px-4 py-0 first:relative"
            style="width: 12%;"
          >
            <span
              class="text-xs text-neutral-350"
              data-state="closed"
            >
              6 months
               ago
            </span>
          </td>
        </tr>
        <tr
          class="h-16 cursor-pointer hover:bg-neutral-100"
        >
          <td
            class="h-14 px-4 py-0 first:relative"
            style="width: 20px;"
          >
            <label
              class="absolute inset-y-0 left-0 flex items-center p-4"
            >
              <button
                aria-checked="false"
                class="group transition bg-neutral-100 dark:bg-neutral-500 border border-neutral-300 dark:border-neutral-350 rounded-sm w-[18px] h-[18px] hover:border-2 data-[state=checked]:border data-[state=indeterminate]:border-2 disabled:border disabled:border-neutral-250 hover:border-brand-500 dark:hover:border-brand-500 data-[state=checked]:bg-brand-500 dark:data-[state=checked]:bg-brand-500 data-[state=checked]:border-brand-500 dark:data-[state=checked]:border-brand-500 data-[state=indeterminate]:border-brand-500 disabled:data-[state=checked]:border-brand-300 disabled:data-[state=checked]:bg-brand-300 disabled:data-[state=indeterminate]:border-brand-300"
                data-state="unchecked"
                role="checkbox"
                type="button"
                value="on"
              />
            </label>
          </td>
          <td
            class="h-14 px-4 py-0 first:relative"
            style="width: 40%;"
          >
            <div
              class="flex flex-col justify-center gap-1"
            >
              <div
                class="flex items-center gap-2"
              >
                <div
                  class="truncate"
                >
                  <span
                    class="truncate text-sm font-medium"
                    data-state="closed"
                  >
                    myvar_project
                  </span>
                </div>
              </div>
            </div>
          </td>
          <td
            class="h-14 px-4 py-0 border-r pl-0 first:relative"
            style="width: 9007199254740991%;"
          >
            <button
              aria-expanded="false"
              aria-haspopup="menu"
              aria-label="actions"
              class="inline-flex items-center shrink-0 font-medium transition focus-visible:[&:not(:active)]:outline-2 outline-0 shadow-sm disabled:shadow-none active:shadow-none bg-white dark:bg-neutral-600 outline-brand-500 text-sm h-9 px-3 rounded border border-neutral-250 dark:border-neutral-400 text-neutral-400 dark:text-white hover:[&:not(:active)]:border-neutral-300 dark:hover:[&:not(:active):not(:disabled)]:border-neutral-350 active:bg-neutral-150 disabled:text-neutral-300 disabled:bg-neutral-100 disabled:border-none"
              data-state="closed"
              id="radix-:r30:"
              type="button"
            >
              <i
                aria-hidden="true"
                class="fa-regular fa-ellipsis-vertical mx-1"
              />
            </button>
          </td>
          <td
            class="h-14 px-4 py-0 first:relative"
            style="width: 20%;"
          >
            <span
              class="flex items-center gap-2 text-sm"
            >
              <button
                class="w-4 text-brand-500"
                data-state="closed"
                data-testid="toggle-button"
                type="button"
              >
                <i
                  aria-hidden="true"
                  class="fa-regular fa-eye "
                />
              </button>
              <span
                class="pt-1.5 text-xl font-medium tracking-widest text-neutral-350"
                data-state="closed"
                data-testid="hide_value"
              >
                *************
              </span>
            </span>
          </td>
          <td
            class="h-14 px-4 py-0 first:relative"
            style="width: 15%;"
          />
          <td
            class="h-14 px-4 py-0 first:relative"
            style="width: 10%;"
          >
            <span
              class="text-sm font-medium capitalize"
            >
              project
            </span>
          </td>
          <td
            class="h-14 px-4 py-0 first:relative"
            style="width: 12%;"
          >
            <span
              class="text-xs text-neutral-350"
              data-state="closed"
            >
              10 months
               ago
            </span>
          </td>
        </tr>
        <tr
          class="h-16 cursor-pointer hover:bg-neutral-100"
        >
          <td
            class="h-14 px-4 py-0 first:relative"
            style="width: 20px;"
          >
            <label
              class="absolute inset-y-0 left-0 flex items-center p-4"
            >
              <button
                aria-checked="false"
                class="group transition bg-neutral-100 dark:bg-neutral-500 border border-neutral-300 dark:border-neutral-350 rounded-sm w-[18px] h-[18px] hover:border-2 data-[state=checked]:border data-[state=indeterminate]:border-2 disabled:border disabled:border-neutral-250 hover:border-brand-500 dark:hover:border-brand-500 data-[state=checked]:bg-brand-500 dark:data-[state=checked]:bg-brand-500 data-[state=checked]:border-brand-500 dark:data-[state=checked]:border-brand-500 data-[state=indeterminate]:border-brand-500 disabled:data-[state=checked]:border-brand-300 disabled:data-[state=checked]:bg-brand-300 disabled:data-[state=indeterminate]:border-brand-300"
                data-state="unchecked"
                role="checkbox"
                type="button"
                value="on"
              />
            </label>
          </td>
          <td
            class="h-14 px-4 py-0 first:relative"
            style="width: 40%;"
          >
            <div
              class="flex flex-col justify-center gap-1"
            >
              <div
                class="flex items-center gap-2"
              >
                <div
                  class="truncate"
                >
                  <span
                    class="truncate text-sm font-medium"
                    data-state="closed"
                  >
                    variable_name
                  </span>
                </div>
              </div>
            </div>
          </td>
          <td
            class="h-14 px-4 py-0 border-r pl-0 first:relative"
            style="width: 9007199254740991%;"
          >
            <button
              aria-expanded="false"
              aria-haspopup="menu"
              aria-label="actions"
              class="inline-flex items-center shrink-0 font-medium transition focus-visible:[&:not(:active)]:outline-2 outline-0 shadow-sm disabled:shadow-none active:shadow-none bg-white dark:bg-neutral-600 outline-brand-500 text-sm h-9 px-3 rounded border border-neutral-250 dark:border-neutral-400 text-neutral-400 dark:text-white hover:[&:not(:active)]:border-neutral-300 dark:hover:[&:not(:active):not(:disabled)]:border-neutral-350 active:bg-neutral-150 disabled:text-neutral-300 disabled:bg-neutral-100 disabled:border-none"
              data-state="closed"
              id="radix-:r36:"
              type="button"
            >
              <i
                aria-hidden="true"
                class="fa-regular fa-ellipsis-vertical mx-1"
              />
            </button>
          </td>
          <td
            class="h-14 px-4 py-0 first:relative"
            style="width: 20%;"
          >
            <span
              class="flex items-center gap-2 text-sm text-neutral-300"
            >
              <span
                class=""
                data-state="closed"
              >
                <i
                  aria-hidden="true"
                  class="fa-regular fa-lock-keyhole block w-4"
                />
              </span>
              <span
                class="pt-1.5 text-xl font-medium tracking-widest"
                data-testid="hide_value_secret"
              >
                *************
              </span>
            </span>
          </td>
          <td
            class="h-14 px-4 py-0 first:relative"
            style="width: 15%;"
          >
            <a
              class="flex items-center gap-2 text-sm font-medium"
              href="/organization/3d542888-3d2c-474a-b1ad-712556db66da/project/cf021d82-2c5e-41de-96eb-eb69c022eddc/environment/55867c71-56f9-4b4f-ab22-5904c9dbafda/application/037c9e87-e098-4970-8b1f-9a5ffe9e4b89/general"
            >
              <svg
                class="shrink-0 w-4"
                fill="none"
                name="APPLICATION"
                viewBox="0 0 20 20"
                width="1.5rem"
                xmlns="http://www.w3.org/2000/svg"
              >
                <path
                  d="M8.651 18.034h.001c.416.232.88.35 1.35.34a2.64 2.64 0 001.347-.34h.001l7.051-4.295a.9.9 0 00.43-.343.975.975 0 000-1.086.9.9 0 00-.43-.343l-7.05-4.294h0l-.003-.002a2.858 2.858 0 00-1.347-.339c-.469 0-.93.116-1.348.34h0-.002l-7.049 4.296c-.164.078-.305.2-.41.355a1.101 1.101 0 00-.182.525h0v.007c.016.189.08.37.184.525.104.155.244.279.408.358l7.05 4.296zm9.654-4.492v-.001l-.008.005-7.05 4.303a2.649 2.649 0 01-1.246.313c-.433 0-.86-.107-1.247-.313l-7.05-4.303v-.001l-.008-.003a.697.697 0 01-.343-.266.763.763 0 010-.86.697.697 0 01.343-.267v.001l.008-.004 7.05-4.296a2.648 2.648 0 011.247-.314c.433 0 .86.108 1.246.314l7.05 4.296h0l.008.003a.697.697 0 01.343.267.763.763 0 010 .86.697.697 0 01-.343.266z"
                  fill="#42E8E0"
                  stroke="#42E8E0"
                  stroke-width="0.083"
                />
                <path
                  d="M19.166 11.203V8.656l-.442-.26c-.124.794-1.008 1.321-1.753 1.43l-5.052 3.115-2.206.843L2.676 9.95l.164-.097c-.602-.298-.927-.979-1.25-1.596l-.475.298-.282.082v2.593c.019.196.086.384.195.544.109.16.256.288.426.37L8.5 16.44c.464.247.977.376 1.497.376.52 0 1.033-.129 1.497-.376l7.051-4.296c.167-.08.312-.206.42-.363.108-.156.176-.34.197-.533v-.045h.003z"
                  fill="#42E8E0"
                  opacity="0.4"
                />
                <path
                  d="M19.166 8.938V7.253l-.442-.26c-.124.794-1.008 1.32-1.753 1.43l-5.052 3.119-2.206.839-7.037-3.834.164-.098c-.602-.297-.927-.974-1.25-1.595l-.475.297-.282.087v1.727c.019.196.086.384.195.544.109.16.256.288.426.37L8.5 14.175c.464.247.977.376 1.497.376.52 0 1.033-.129 1.497-.376l7.051-4.296c.168-.081.313-.207.42-.364.109-.158.176-.342.197-.535v-.042h.003z"
                  fill="url(#paint0_linear_10141_398872)"
                />
                <path
                  d="M16.971 8.423l-5.05 3.119-1.919.73v2.28a2.929 2.929 0 001.498-.377l7.05-4.296c.168-.081.313-.207.42-.364.109-.158.177-.342.197-.535V7.253l-.403-.237h-.042c-.136.782-1.013 1.298-1.75 1.407z"
                  fill="#0F054C"
                  opacity="0.3"
                />
                <path
                  d="M8.502 12.452L1.454 8.163c-.827-.5-.827-1.32 0-1.824l7.048-4.297a3.188 3.188 0 011.497-.375c.52 0 1.033.128 1.497.375l7.05 4.297c.824.504.824 1.324 0 1.824l-7.046 4.29a3.168 3.168 0 01-2.998 0z"
                  fill="url(#paint1_linear_10141_398872)"
                />
                <path
                  d="M18.55 8.163l-7.05 4.29a3.168 3.168 0 01-1.498.378c-.52 0-1.033-.13-1.497-.378l-7.051-4.29a1.116 1.116 0 01-.396-.327 1.195 1.195 0 01-.217-.478c-.05.377.153.753.613 1.016L8.5 12.671c.464.248.977.378 1.497.378.52 0 1.034-.13 1.498-.378l7.05-4.297c.189-.082.348-.224.457-.406a1.09 1.09 0 00.153-.61c-.036.174-.11.337-.215.477-.105.14-.239.252-.391.328z"
                  fill="#fff"
                />
                <defs>
                  <lineargradient
                    gradientUnits="userSpaceOnUse"
                    id="paint0_linear_10141_398872"
                    x1="4723.62"
                    x2="5068.67"
                    y1="801.697"
                    y2="1276.19"
                  >
                    <stop
                      stop-color="#BCBEFF"
                    />
                    <stop
                      offset="0.23"
                      stop-color="#AAADF8"
                    />
                    <stop
                      offset="0.68"
                      stop-color="#7C83E5"
                    />
                    <stop
                      offset="1"
                      stop-color="#5761D7"
                    />
                  </lineargradient>
                  <lineargradient
                    gradientUnits="userSpaceOnUse"
                    id="paint1_linear_10141_398872"
                    x1="4629.08"
                    x2="5571.81"
                    y1="1254.11"
                    y2="1254.11"
                  >
                    <stop
                      stop-color="#E9E9FD"
                    />
                    <stop
                      offset="0.36"
                      stop-color="#D3D2F9"
                    />
                    <stop
                      offset="0.71"
                      stop-color="#C5C4F7"
                    />
                    <stop
                      offset="1"
                      stop-color="#C0BFF6"
                    />
                  </lineargradient>
                </defs>
              </svg>
              FRONT-END
            </a>
          </td>
          <td
            class="h-14 px-4 py-0 first:relative"
            style="width: 10%;"
          >
            <span
              class="text-sm font-medium capitalize"
            >
              application
            </span>
          </td>
          <td
            class="h-14 px-4 py-0 first:relative"
            style="width: 12%;"
          >
            <span
              class="text-xs text-neutral-350"
              data-state="closed"
            >
              6 months
               ago
            </span>
          </td>
        </tr>
        <tr
          class="h-16 cursor-pointer hover:bg-neutral-100"
        >
          <td
            class="h-14 px-4 py-0 first:relative"
            style="width: 20px;"
          >
            <label
              class="absolute inset-y-0 left-0 flex items-center p-4"
            >
              <button
                aria-checked="false"
                class="group transition bg-neutral-100 dark:bg-neutral-500 border border-neutral-300 dark:border-neutral-350 rounded-sm w-[18px] h-[18px] hover:border-2 data-[state=checked]:border data-[state=indeterminate]:border-2 disabled:border disabled:border-neutral-250 hover:border-brand-500 dark:hover:border-brand-500 data-[state=checked]:bg-brand-500 dark:data-[state=checked]:bg-brand-500 data-[state=checked]:border-brand-500 dark:data-[state=checked]:border-brand-500 data-[state=indeterminate]:border-brand-500 disabled:data-[state=checked]:border-brand-300 disabled:data-[state=checked]:bg-brand-300 disabled:data-[state=indeterminate]:border-brand-300"
                data-state="unchecked"
                role="checkbox"
                type="button"
                value="on"
              />
            </label>
          </td>
          <td
            class="h-14 px-4 py-0 first:relative"
            style="width: 40%;"
          >
            <div
              class="flex flex-col justify-center gap-1"
            >
              <div
                class="flex items-center gap-2"
              >
                <div
                  class="truncate"
                >
                  <span
                    class="mr-2 inline-flex h-4 items-center rounded-sm bg-[#3391FB] px-1 text-2xs font-bold text-neutral-50"
                    data-testid="doppler-tag"
                  >
                    DOPPLER
                  </span>
                  <span
                    class="truncate text-sm font-medium"
                    data-state="closed"
                  >
                    DOPPLER_PROJECT
                  </span>
                  <span
                    class="ml-2"
                    data-state="closed"
                  >
                    <svg
                      class="shrink-0 "
                      fill="none"
                      height="11px"
                      name="DOPPLER"
                      viewBox="0 0 11 12"
                      width="11px"
                      xmlns="http://www.w3.org/2000/svg"
                    >
                      <path
                        clip-rule="evenodd"
                        d="M.202.5a.11.11 0 00-.093.171l1.972 3.087c.164.255.445.41.748.41h2.667c.978 0 1.589.864 1.585 1.832-.003.968-.655 1.824-1.585 1.824H2.648a.295.295 0 00-.295.296v3.084c0 .164.132.296.295.296h3.638C9.433 11.5 10.998 8.514 11 6 11.002 3.486 9.455.5 6.286.5H.202zm1.294 7.332H.788c-.435 0-.788.41-.788.917v2.67c0 .044.036.08.08.08h.708c.435 0 .787-.41.787-.917v-2.67a.08.08 0 00-.08-.08z"
                        fill="url(#paint0_linear_13638_482988)"
                        fill-rule="evenodd"
                      />
                      <defs>
                        <lineargradient
                          gradientUnits="userSpaceOnUse"
                          id="paint0_linear_13638_482988"
                          x1="8.78"
                          x2="1.006"
                          y1="0.134"
                          y2="10.56"
                        >
                          <stop
                            offset="0.036"
                            stop-color="#409FF8"
                          />
                          <stop
                            offset="0.5"
                            stop-color="#1673FF"
                          />
                          <stop
                            offset="1"
                            stop-color="#516FF7"
                          />
                        </lineargradient>
                      </defs>
                    </svg>
                  </span>
                </div>
              </div>
            </div>
          </td>
          <td
            class="h-14 px-4 py-0 border-r pl-0 first:relative"
            style="width: 9007199254740991%;"
          >
            <button
              aria-expanded="false"
              aria-haspopup="menu"
              aria-label="actions"
              class="inline-flex items-center shrink-0 font-medium transition focus-visible:[&:not(:active)]:outline-2 outline-0 shadow-sm disabled:shadow-none active:shadow-none bg-white dark:bg-neutral-600 outline-brand-500 text-sm h-9 px-3 rounded border border-neutral-250 dark:border-neutral-400 text-neutral-400 dark:text-white hover:[&:not(:active)]:border-neutral-300 dark:hover:[&:not(:active):not(:disabled)]:border-neutral-350 active:bg-neutral-150 disabled:text-neutral-300 disabled:bg-neutral-100 disabled:border-none"
              data-state="closed"
              id="radix-:r3c:"
              type="button"
            >
              <i
                aria-hidden="true"
                class="fa-regular fa-ellipsis-vertical mx-1"
              />
            </button>
          </td>
          <td
            class="h-14 px-4 py-0 first:relative"
            style="width: 20%;"
          >
            <span
              class="flex items-center gap-2 text-sm text-neutral-300"
            >
              <span
                class=""
                data-state="closed"
              >
                <i
                  aria-hidden="true"
                  class="fa-regular fa-lock-keyhole block w-4"
                />
              </span>
              <span
                class="pt-1.5 text-xl font-medium tracking-widest"
                data-testid="hide_value_secret"
              >
                *************
              </span>
            </span>
          </td>
          <td
            class="h-14 px-4 py-0 first:relative"
            style="width: 15%;"
          >
            <a
              class="flex items-center gap-2 text-sm font-medium"
              href="/organization/3d542888-3d2c-474a-b1ad-712556db66da/project/cf021d82-2c5e-41de-96eb-eb69c022eddc/environment/55867c71-56f9-4b4f-ab22-5904c9dbafda/application/ff84535f-49cc-450b-a878-f654c98c0a25/general"
            >
              <svg
                class="shrink-0 w-4"
                fill="none"
                name="APPLICATION"
                viewBox="0 0 20 20"
                width="1.5rem"
                xmlns="http://www.w3.org/2000/svg"
              >
                <path
                  d="M8.651 18.034h.001c.416.232.88.35 1.35.34a2.64 2.64 0 001.347-.34h.001l7.051-4.295a.9.9 0 00.43-.343.975.975 0 000-1.086.9.9 0 00-.43-.343l-7.05-4.294h0l-.003-.002a2.858 2.858 0 00-1.347-.339c-.469 0-.93.116-1.348.34h0-.002l-7.049 4.296c-.164.078-.305.2-.41.355a1.101 1.101 0 00-.182.525h0v.007c.016.189.08.37.184.525.104.155.244.279.408.358l7.05 4.296zm9.654-4.492v-.001l-.008.005-7.05 4.303a2.649 2.649 0 01-1.246.313c-.433 0-.86-.107-1.247-.313l-7.05-4.303v-.001l-.008-.003a.697.697 0 01-.343-.266.763.763 0 010-.86.697.697 0 01.343-.267v.001l.008-.004 7.05-4.296a2.648 2.648 0 011.247-.314c.433 0 .86.108 1.246.314l7.05 4.296h0l.008.003a.697.697 0 01.343.267.763.763 0 010 .86.697.697 0 01-.343.266z"
                  fill="#42E8E0"
                  stroke="#42E8E0"
                  stroke-width="0.083"
                />
                <path
                  d="M19.166 11.203V8.656l-.442-.26c-.124.794-1.008 1.321-1.753 1.43l-5.052 3.115-2.206.843L2.676 9.95l.164-.097c-.602-.298-.927-.979-1.25-1.596l-.475.298-.282.082v2.593c.019.196.086.384.195.544.109.16.256.288.426.37L8.5 16.44c.464.247.977.376 1.497.376.52 0 1.033-.129 1.497-.376l7.051-4.296c.167-.08.312-.206.42-.363.108-.156.176-.34.197-.533v-.045h.003z"
                  fill="#42E8E0"
                  opacity="0.4"
                />
                <path
                  d="M19.166 8.938V7.253l-.442-.26c-.124.794-1.008 1.32-1.753 1.43l-5.052 3.119-2.206.839-7.037-3.834.164-.098c-.602-.297-.927-.974-1.25-1.595l-.475.297-.282.087v1.727c.019.196.086.384.195.544.109.16.256.288.426.37L8.5 14.175c.464.247.977.376 1.497.376.52 0 1.033-.129 1.497-.376l7.051-4.296c.168-.081.313-.207.42-.364.109-.158.176-.342.197-.535v-.042h.003z"
                  fill="url(#paint0_linear_10141_398872)"
                />
                <path
                  d="M16.971 8.423l-5.05 3.119-1.919.73v2.28a2.929 2.929 0 001.498-.377l7.05-4.296c.168-.081.313-.207.42-.364.109-.158.177-.342.197-.535V7.253l-.403-.237h-.042c-.136.782-1.013 1.298-1.75 1.407z"
                  fill="#0F054C"
                  opacity="0.3"
                />
                <path
                  d="M8.502 12.452L1.454 8.163c-.827-.5-.827-1.32 0-1.824l7.048-4.297a3.188 3.188 0 011.497-.375c.52 0 1.033.128 1.497.375l7.05 4.297c.824.504.824 1.324 0 1.824l-7.046 4.29a3.168 3.168 0 01-2.998 0z"
                  fill="url(#paint1_linear_10141_398872)"
                />
                <path
                  d="M18.55 8.163l-7.05 4.29a3.168 3.168 0 01-1.498.378c-.52 0-1.033-.13-1.497-.378l-7.051-4.29a1.116 1.116 0 01-.396-.327 1.195 1.195 0 01-.217-.478c-.05.377.153.753.613 1.016L8.5 12.671c.464.248.977.378 1.497.378.52 0 1.034-.13 1.498-.378l7.05-4.297c.189-.082.348-.224.457-.406a1.09 1.09 0 00.153-.61c-.036.174-.11.337-.215.477-.105.14-.239.252-.391.328z"
                  fill="#fff"
                />
                <defs>
                  <lineargradient
                    gradientUnits="userSpaceOnUse"
                    id="paint0_linear_10141_398872"
                    x1="4723.62"
                    x2="5068.67"
                    y1="801.697"
                    y2="1276.19"
                  >
                    <stop
                      stop-color="#BCBEFF"
                    />
                    <stop
                      offset="0.23"
                      stop-color="#AAADF8"
                    />
                    <stop
                      offset="0.68"
                      stop-color="#7C83E5"
                    />
                    <stop
                      offset="1"
                      stop-color="#5761D7"
                    />
                  </lineargradient>
                  <lineargradient
                    gradientUnits="userSpaceOnUse"
                    id="paint1_linear_10141_398872"
                    x1="4629.08"
                    x2="5571.81"
                    y1="1254.11"
                    y2="1254.11"
                  >
                    <stop
                      stop-color="#E9E9FD"
                    />
                    <stop
                      offset="0.36"
                      stop-color="#D3D2F9"
                    />
                    <stop
                      offset="0.71"
                      stop-color="#C5C4F7"
                    />
                    <stop
                      offset="1"
                      stop-color="#C0BFF6"
                    />
                  </lineargradient>
                </defs>
              </svg>
              tetris
            </a>
          </td>
          <td
            class="h-14 px-4 py-0 first:relative"
            style="width: 10%;"
          >
            <span
              class="text-sm font-medium capitalize"
            >
              application
            </span>
          </td>
          <td
            class="h-14 px-4 py-0 first:relative"
            style="width: 12%;"
          >
            <span
              class="text-xs text-neutral-350"
              data-state="closed"
            >
              2 days
               ago
            </span>
          </td>
        </tr>
        <tr
          class="h-16 cursor-pointer hover:bg-neutral-100"
        >
          <td
            class="h-14 px-4 py-0 first:relative"
            style="width: 20px;"
          >
            <label
              class="absolute inset-y-0 left-0 flex items-center p-4"
            >
              <button
                aria-checked="false"
                class="group transition bg-neutral-100 dark:bg-neutral-500 border border-neutral-300 dark:border-neutral-350 rounded-sm w-[18px] h-[18px] hover:border-2 data-[state=checked]:border data-[state=indeterminate]:border-2 disabled:border disabled:border-neutral-250 hover:border-brand-500 dark:hover:border-brand-500 data-[state=checked]:bg-brand-500 dark:data-[state=checked]:bg-brand-500 data-[state=checked]:border-brand-500 dark:data-[state=checked]:border-brand-500 data-[state=indeterminate]:border-brand-500 disabled:data-[state=checked]:border-brand-300 disabled:data-[state=checked]:bg-brand-300 disabled:data-[state=indeterminate]:border-brand-300"
                data-state="unchecked"
                role="checkbox"
                type="button"
                value="on"
              />
            </label>
          </td>
          <td
            class="h-14 px-4 py-0 first:relative"
            style="width: 40%;"
          >
            <div
              class="flex flex-col justify-center gap-1"
            >
              <div
                class="flex items-center gap-2"
              >
                <div
                  class="truncate"
                >
                  <span
                    class="truncate text-sm font-medium"
                    data-state="closed"
                  >
                    FOO
                  </span>
                </div>
                <span
                  class=""
                  data-state="closed"
                >
                  <i
                    aria-hidden="true"
                    class="fa-regular fa-circle-info text-neutral-350"
                  />
                </span>
              </div>
            </div>
          </td>
          <td
            class="h-14 px-4 py-0 border-r pl-0 first:relative"
            style="width: 9007199254740991%;"
          >
            <button
              aria-expanded="false"
              aria-haspopup="menu"
              aria-label="actions"
              class="inline-flex items-center shrink-0 font-medium transition focus-visible:[&:not(:active)]:outline-2 outline-0 shadow-sm disabled:shadow-none active:shadow-none bg-white dark:bg-neutral-600 outline-brand-500 text-sm h-9 px-3 rounded border border-neutral-250 dark:border-neutral-400 text-neutral-400 dark:text-white hover:[&:not(:active)]:border-neutral-300 dark:hover:[&:not(:active):not(:disabled)]:border-neutral-350 active:bg-neutral-150 disabled:text-neutral-300 disabled:bg-neutral-100 disabled:border-none"
              data-state="closed"
              id="radix-:r3i:"
              type="button"
            >
              <i
                aria-hidden="true"
                class="fa-regular fa-ellipsis-vertical mx-1"
              />
            </button>
          </td>
          <td
            class="h-14 px-4 py-0 first:relative"
            style="width: 20%;"
          >
            <span
              class="flex items-center gap-2 text-sm"
            >
              <button
                class="w-4 text-brand-500"
                data-state="closed"
                data-testid="toggle-button"
                type="button"
              >
                <i
                  aria-hidden="true"
                  class="fa-regular fa-eye "
                />
              </button>
              <span
                class="pt-1.5 text-xl font-medium tracking-widest text-neutral-350"
                data-state="closed"
                data-testid="hide_value"
              >
                *************
              </span>
            </span>
          </td>
          <td
            class="h-14 px-4 py-0 first:relative"
            style="width: 15%;"
          />
          <td
            class="h-14 px-4 py-0 first:relative"
            style="width: 10%;"
          >
            <span
              class="text-sm font-medium capitalize"
            >
              project
            </span>
          </td>
          <td
            class="h-14 px-4 py-0 first:relative"
            style="width: 12%;"
          >
            <span
              class="text-xs text-neutral-350"
              data-state="closed"
            >
              5 months
               ago
            </span>
          </td>
        </tr>
        <tr
          class="h-16 cursor-pointer hover:bg-neutral-100"
        >
          <td
            class="h-14 px-4 py-0 first:relative"
            style="width: 20px;"
          >
            <label
              class="absolute inset-y-0 left-0 flex items-center p-4"
            >
              <button
                aria-checked="false"
                class="group transition bg-neutral-100 dark:bg-neutral-500 border border-neutral-300 dark:border-neutral-350 rounded-sm w-[18px] h-[18px] hover:border-2 data-[state=checked]:border data-[state=indeterminate]:border-2 disabled:border disabled:border-neutral-250 hover:border-brand-500 dark:hover:border-brand-500 data-[state=checked]:bg-brand-500 dark:data-[state=checked]:bg-brand-500 data-[state=checked]:border-brand-500 dark:data-[state=checked]:border-brand-500 data-[state=indeterminate]:border-brand-500 disabled:data-[state=checked]:border-brand-300 disabled:data-[state=checked]:bg-brand-300 disabled:data-[state=indeterminate]:border-brand-300"
                data-state="unchecked"
                role="checkbox"
                type="button"
                value="on"
              />
            </label>
          </td>
          <td
            class="h-14 px-4 py-0 first:relative"
            style="width: 40%;"
          >
            <div
              class="flex flex-col justify-center gap-1"
            >
              <div
                class="flex items-center gap-2"
              >
                <div
                  class="truncate"
                >
                  <span
                    class="mr-2 inline-flex h-4 items-center rounded-sm bg-teal-500 px-1 text-2xs font-bold text-neutral-50"
                  >
                    ALIAS
                  </span>
                  <span
                    class="truncate text-sm font-medium"
                    data-state="closed"
                  >
                    BAR
                  </span>
                </div>
              </div>
              <div
                class="flex flex-row gap-1 text-2xs text-neutral-350"
              >
                <i
                  aria-hidden="true"
                  class="fa-regular fa-arrow-turn-down-right text-2xs text-neutral-300"
                />
                <span>
                  FOO
                </span>
              </div>
            </div>
          </td>
          <td
            class="h-14 px-4 py-0 border-r pl-0 first:relative"
            style="width: 9007199254740991%;"
          >
            <button
              aria-expanded="false"
              aria-haspopup="menu"
              aria-label="actions"
              class="inline-flex items-center shrink-0 font-medium transition focus-visible:[&:not(:active)]:outline-2 outline-0 shadow-sm disabled:shadow-none active:shadow-none bg-white dark:bg-neutral-600 outline-brand-500 text-sm h-9 px-3 rounded border border-neutral-250 dark:border-neutral-400 text-neutral-400 dark:text-white hover:[&:not(:active)]:border-neutral-300 dark:hover:[&:not(:active):not(:disabled)]:border-neutral-350 active:bg-neutral-150 disabled:text-neutral-300 disabled:bg-neutral-100 disabled:border-none"
              data-state="closed"
              id="radix-:r3o:"
              type="button"
            >
              <i
                aria-hidden="true"
                class="fa-regular fa-ellipsis-vertical mx-1"
              />
            </button>
          </td>
          <td
            class="h-14 px-4 py-0 first:relative"
            style="width: 20%;"
          />
          <td
            class="h-14 px-4 py-0 first:relative"
            style="width: 15%;"
          />
          <td
            class="h-14 px-4 py-0 first:relative"
            style="width: 10%;"
          >
            <span
              class="text-sm font-medium capitalize"
            >
              project
            </span>
          </td>
          <td
            class="h-14 px-4 py-0 first:relative"
            style="width: 12%;"
          >
            <span
              class="text-xs text-neutral-350"
              data-state="closed"
            >
              2 months
               ago
            </span>
          </td>
        </tr>
      </tbody>
    </table>
    <div
      class="sticky bottom-4"
    >
      <div
        class="relative"
      >
        <div
          class="absolute bottom-4 left-1/2 w-[448px] -translate-x-1/2 h-0 overflow-hidden"
        >
          <div
            class="flex h-[52px] items-center justify-between rounded bg-neutral-500 pl-5 pr-2 text-xs font-medium text-white shadow-xl animate-action-bar-fade-out"
          >
            <span>
              0
               selected 
              variables
            </span>
            <button
              class="h-8 px-3 underline"
              type="button"
            >
              Deselect
            </button>
            <div
              class="flex gap-3"
            >
              <button
                class="inline-flex shrink-0 font-medium transition focus-visible:[&:not(:active)]:outline-2 outline-0 shadow-sm disabled:shadow-none active:shadow-none outline-neutral-500 text-sm h-9 px-3 rounded bg-red-500 active:bg-red-600 hover:bg-red-400 text-white disabled:text-red-300 disabled:bg-red-100 items-center gap-2"
                data-state="closed"
                disabled=""
              >
                Delete selected 
                <i
                  aria-hidden="true"
                  class="fa-solid fa-trash "
                />
              </button>
            </div>
          </div>
        </div>
      </div>
    </div>
  </div>
</div>
`;
