// Jest Snapshot v1, https://jestjs.io/docs/snapshot-testing

exports[`ServiceTerminal should match snapshot 1`] = `
<body>
  <div />
  <div
    class="dark fixed bottom-0 left-0 w-full animate-slidein-up-md-faded bg-neutral-650"
  >
    <button
      class="flex h-4 w-full items-center justify-center border-t border-neutral-500 bg-neutral-550 transition-colors hover:bg-neutral-650"
      type="button"
    >
      <i
        aria-hidden="true"
        class="fa-regular fa-grip-lines text-white"
      />
    </button>
    <div
      class="flex h-11 justify-between border-y border-neutral-500 px-4 py-2"
    >
      <div
        class="flex gap-2"
      />
      <div
        class="flex items-center gap-1"
      >
        <button
          class="inline-flex items-center shrink-0 font-medium transition-[background-color,transform] active:scale-[0.97] disabled:scale-100 disabled:pointer-events-none disabled:border disabled:border-neutral disabled:text-neutral-disabled disabled:bg-surface-neutral-component focus-visible:[&:not(:active)]:outline-2 outline-0 select-none outline-neutral-strong text-xs h-7 px-2 rounded bg-surface-neutral-component hover:bg-surface-neutral-componentHover text-neutral"
        >
          Close shell
          <i
            aria-hidden="true"
            class="fa-regular fa-xmark ml-2 text-sm"
          />
        </button>
      </div>
    </div>
    <div
      class="min-h-[248px] bg-neutral-700 px-4 py-2"
      style="height: 248px;"
    >
      <div
        class="flex h-40 items-start justify-center p-5"
      >
        <div
          class="aspect-square border-2  animate-spin rounded-full border-solid border-neutral border-r-neutral-strong w-4 "
          data-testid="spinner"
        />
      </div>
    </div>
  </div>
</body>
`;
