// Jest Snapshot v1, https://jestjs.io/docs/snapshot-testing

exports[`PageSettingsResources should render warning box and icon for cpu 1`] = `
<div>
  <div
    class="flex w-full flex-col justify-between"
  >
    <section
      class="flex flex-col max-w-content-with-navigation-left p-8"
    >
      <div
        class="mb-8 flex w-full justify-between gap-2 border-b border-neutral"
      >
        <div
          class="flex w-full items-start justify-between gap-4 pb-6"
        >
          <div
            class="flex flex-col gap-2"
          >
            <h1
              class="text-neutral text-2xl font-bold"
            >
              Resources
            </h1>
            <p
              class="max-w-2xl text-sm text-neutral-subtle"
            >
              Manage the resources assigned to the service.
            </p>
            <button
              class="inline-flex shrink-0 font-medium transition-[background-color,transform] active:scale-[0.97] disabled:scale-100 disabled:pointer-events-none disabled:border disabled:border-neutral disabled:text-neutral-disabled disabled:bg-surface-neutral-component focus-visible:[&:not(:active)]:outline-2 outline-0 select-none outline-brand-strong text-xs h-6 px-1.5 rounded bg-surface-brand-subtle border border-brand-subtle text-brand hover:bg-surface-brand-component w-fit items-center gap-1 mt-2"
            >
              <i
                aria-hidden="true"
                class="fa-regular fa-circle-question p-0.5 text-xs"
              />
              <span>
                Need help here?
              </span>
            </button>
          </div>
        </div>
      </div>
      <form
        class="space-y-10"
      >
        <section
          class="flex flex-col gap-4"
        >
          <h2
            class="text-neutral text-base font-bold"
          >
            Resources configuration
          </h2>
          <div
            class=""
            data-testid="input-text-wrapper"
          >
            <div
              class="relative"
            >
              <div
                aria-label="input-container"
                class="input group    input--label-up "
              >
                <div
                  class=""
                >
                  <label
                    class="translate-y-2 text-sm"
                    for="vCPU (milli)"
                  >
                    vCPU (milli)
                  </label>
                  <input
                    class="input__value "
                    data-testid="input-text"
                    id="vCPU (milli)"
                    name="cpu"
                    type="number"
                    value="10"
                  />
                </div>
              </div>
            </div>
            <p
              class="mt-0.5 px-3 text-xs text-neutral-subtle"
            >
              Minimum value is 
              10
               milli vCPU.
               
              Maximum value allowed based on the selected cluster instance type: 10 milli vCPU. 
            </p>
          </div>
          <div
            class="flex flex-row gap-x-4 p-4 border rounded text-sm border-negative-component bg-surface-negative-subtle text-negative mt-3"
            data-accent-color="red"
            data-testid="banner-box"
          >
            <div
              class="-order-2 text-base leading-6"
            >
              <i
                aria-hidden="true"
                class="fa-regular fa-triangle-exclamation "
              />
            </div>
            <div
              class="-order-1 mr-auto gap-x-4 text-neutral"
            >
              <span
                class="block font-medium leading-6"
              >
                Not enough resources
              </span>
              <span
                class="text-neutral-subtle"
              >
                Increase the capacity of your cluster nodes or reduce the service consumption.
              </span>
            </div>
          </div>
          <div
            class=""
            data-testid="input-memory-memory-wrapper"
          >
            <div
              class="relative"
            >
              <div
                aria-label="input-container"
                class="input group    input--label-up "
              >
                <div
                  class=""
                >
                  <label
                    class="translate-y-2 text-sm"
                    for="Memory (MiB)"
                  >
                    Memory (MiB)
                  </label>
                  <input
                    class="input__value "
                    data-testid="input-memory-memory"
                    id="Memory (MiB)"
                    name="memory"
                    type="number"
                    value="323"
                  />
                </div>
              </div>
            </div>
            <p
              class="mt-0.5 px-3 text-xs text-neutral-subtle"
            >
              Minimum value is 
              1
               MiB.
               
              Maximum value allowed based on the selected cluster instance type: 10 MiB. 
            </p>
          </div>
        </section>
        <section
          class="flex flex-col gap-4"
        >
          <h2
            class="text-neutral text-base font-bold"
          >
            Instances & Autoscaling
          </h2>
          <div
            class=""
          >
            <div
              class="input input--select    "
              data-testid="select"
            >
              <label
                class="!translate-y-0 !text-xs"
                for="Autoscaling mode"
              >
                Autoscaling mode
              </label>
              <div
                class=" css-b62m3t-container"
              >
                <span
                  class="css-1f43avz-a11yText-A11yText"
                  id="react-select-4-live-region"
                />
                <span
                  aria-atomic="false"
                  aria-live="polite"
                  aria-relevant="additions text"
                  class="css-1f43avz-a11yText-A11yText"
                />
                <div
                  class="input-select__control css-13cymwt-control"
                >
                  <div
                    class="input-select__value-container input-select__value-container--has-value css-1fdsijx-ValueContainer"
                  >
                    <span
                      class="mr-1 text-sm text-neutral"
                    >
                      No autoscaling (fixed instances)
                    </span>
                    <input
                      aria-autocomplete="list"
                      aria-expanded="false"
                      aria-haspopup="true"
                      aria-readonly="true"
                      class="css-mohuvp-dummyInput-DummyInput"
                      id="Autoscaling mode"
                      inputmode="none"
                      role="combobox"
                      tabindex="0"
                      value=""
                    />
                  </div>
                  <div
                    class="input-select__indicators css-1hb7zxy-IndicatorsContainer"
                  >
                    <span
                      class="input-select__indicator-separator css-1u9des2-indicatorSeparator"
                    />
                    <div
                      aria-hidden="true"
                      class="input-select__indicator input-select__dropdown-indicator css-1xc3v61-indicatorContainer"
                    >
                      <svg
                        aria-hidden="true"
                        class="css-tj5bde-Svg"
                        focusable="false"
                        height="20"
                        viewBox="0 0 20 20"
                        width="20"
                      >
                        <path
                          d="M4.516 7.548c0.436-0.446 1.043-0.481 1.576 0l3.908 3.747 3.908-3.747c0.533-0.481 1.141-0.446 1.574 0 0.436 0.445 0.408 1.197 0 1.615-0.406 0.418-4.695 4.502-4.695 4.502-0.217 0.223-0.502 0.335-0.787 0.335s-0.57-0.112-0.789-0.335c0 0-4.287-4.084-4.695-4.502s-0.436-1.17 0-1.615z"
                        />
                      </svg>
                    </div>
                  </div>
                </div>
                <input
                  name="Autoscaling mode"
                  type="hidden"
                  value="NONE"
                />
              </div>
              <input
                name="Autoscaling mode"
                type="hidden"
                value="NONE"
              />
              <div
                class="pointer-events-none absolute right-4 top-1/2 -translate-y-1/2"
              >
                <i
                  aria-hidden="true"
                  class="fa-solid fa-angle-down text-sm text-neutral-subtle"
                />
              </div>
            </div>
            <p
              class="mt-0.5 px-3 text-xs font-normal text-neutral-subtle"
            >
              Choose how instances should scale
            </p>
          </div>
          <div
            class="grid grid-cols-2 gap-4"
          >
            <div
              class=""
              data-testid="input-text-wrapper"
            >
              <div
                class="relative"
              >
                <div
                  aria-label="input-container"
                  class="input group    input--label-up "
                >
                  <div
                    class=""
                  >
                    <label
                      class="translate-y-2 text-sm"
                      for="Instances min"
                    >
                      Instances min
                    </label>
                    <input
                      class="input__value "
                      data-testid="input-text"
                      id="Instances min"
                      name="min_running_instances"
                      type="number"
                      value="1"
                    />
                  </div>
                </div>
              </div>
            </div>
            <div
              class=""
              data-testid="input-text-wrapper"
            >
              <div
                class="relative"
              >
                <div
                  aria-label="input-container"
                  class="input group    input--label-up "
                >
                  <div
                    class=""
                  >
                    <label
                      class="translate-y-2 text-sm"
                      for="Instances max"
                    >
                      Instances max
                    </label>
                    <input
                      class="input__value "
                      data-testid="input-text"
                      id="Instances max"
                      name="max_running_instances"
                      type="number"
                      value="1"
                    />
                  </div>
                </div>
              </div>
            </div>
          </div>
          <div
            class="mb-5"
          >
            <label
              class="mb-3 block text-sm font-medium text-neutral-400"
            >
              Autoscaling metric
            </label>
            <div
              aria-required="false"
              class="flex flex-col gap-3"
              dir="ltr"
              role="radiogroup"
              style="outline: none;"
              tabindex="0"
            >
              <label
                class="flex cursor-pointer items-start gap-3 rounded border border-neutral-250 bg-neutral-100 p-4"
              >
                <button
                  aria-checked="false"
                  class="group transition bg-surface-neutral border border-neutral w-[20px] h-[20px] rounded-full hover:border-brand-strong data-[state=checked]:bg-surface-brand-solid data-[state=checked]:border-0 hover:data-[state=checked]:bg-surface-brand-solidHover disabled:cursor-not-allowed disabled:hover:border disabled:bg-surface-neutral-component disabled:border-neutral-component disabled:data-[state=checked]:border-0 disabled:data-[state=checked]:bg-surface-brand-component"
                  data-radix-collection-item=""
                  data-state="unchecked"
                  role="radio"
                  tabindex="-1"
                  type="button"
                  value="CPU"
                />
                <input
                  aria-hidden="true"
                  style="transform: translateX(-100%); position: absolute; pointer-events: none; opacity: 0; margin: 0px; width: 0px; height: 0px;"
                  tabindex="-1"
                  type="radio"
                  value="CPU"
                />
                <div
                  class="flex flex-col gap-1"
                >
                  <span
                    class="font-medium text-neutral-400"
                  >
                    CPU only
                  </span>
                  <span
                    class="text-sm text-neutral-350"
                  >
                    Scale based on CPU usage
                  </span>
                </div>
              </label>
              <label
                class="flex cursor-pointer items-start gap-3 rounded border border-neutral-250 bg-neutral-100 p-4"
              >
                <button
                  aria-checked="false"
                  class="group transition bg-surface-neutral border border-neutral w-[20px] h-[20px] rounded-full hover:border-brand-strong data-[state=checked]:bg-surface-brand-solid data-[state=checked]:border-0 hover:data-[state=checked]:bg-surface-brand-solidHover disabled:cursor-not-allowed disabled:hover:border disabled:bg-surface-neutral-component disabled:border-neutral-component disabled:data-[state=checked]:border-0 disabled:data-[state=checked]:bg-surface-brand-component"
                  data-radix-collection-item=""
                  data-state="unchecked"
                  role="radio"
                  tabindex="-1"
                  type="button"
                  value="CPU_AND_MEMORY"
                />
                <input
                  aria-hidden="true"
                  style="transform: translateX(-100%); position: absolute; pointer-events: none; opacity: 0; margin: 0px; width: 0px; height: 0px;"
                  tabindex="-1"
                  type="radio"
                  value="CPU_AND_MEMORY"
                />
                <div
                  class="flex flex-col gap-1"
                >
                  <span
                    class="font-medium text-neutral-400"
                  >
                    CPU + Memory
                  </span>
                  <span
                    class="text-sm text-neutral-350"
                  >
                    Scale based on CPU and memory usage
                  </span>
                </div>
              </label>
            </div>
          </div>
          <div
            class=""
            data-testid="input-text-wrapper"
          >
            <div
              class="relative"
            >
              <div
                aria-label="input-container"
                class="input group     "
              >
                <div
                  class=""
                >
                  <label
                    class="translate-y-2 text-sm"
                    for="CPU average utilization (%)"
                  >
                    CPU average utilization (%)
                  </label>
                  <input
                    class="input__value "
                    data-testid="input-text"
                    id="CPU average utilization (%)"
                    name="hpa_cpu_average_utilization_percent"
                    type="number"
                    value=""
                  />
                </div>
              </div>
            </div>
          </div>
        </section>
        <div
          class="flex justify-end"
        >
          <button
            class="inline-flex items-center shrink-0 font-medium transition-[background-color,transform] active:scale-[0.97] disabled:scale-100 disabled:pointer-events-none disabled:border disabled:border-neutral disabled:text-neutral-disabled disabled:bg-surface-neutral-component focus-visible:[&:not(:active)]:outline-2 outline-0 select-none outline-brand-strong text-sm h-10 px-3 rounded-lg bg-surface-brand-solid hover:bg-surface-brand-solidHover border border-brand-component text-neutralInvert"
            type="submit"
          >
            Save
          </button>
        </div>
      </form>
    </section>
  </div>
</div>
`;
