// Jest Snapshot v1, https://goo.gl/fbAQLP

exports[`RowPod should match snapshot 1`] = `
<div>
  <div
    class="group mb-[2px] flex w-full select-none justify-between font-code text-xs hover:bg-neutral-650"
    data-testid="pod-log-row"
  >
    <div
      class="box-border min-w-[40px] max-w-[40px] bg-neutral-700 px-2 pt-0.5 text-right font-code text-neutral-400 group-hover:bg-neutral-550"
      data-testid="index"
    >
      2
    </div>
    <div
      class="min-w-[225px] whitespace-nowrap px-4 text-neutral-350"
      data-testid="cell-pod-name"
      style="color: rgb(153, 128, 250);"
    >
      <span
        class="flex h-5 items-center justify-center gap-1 rounded-[40px] bg-neutral-500 px-2"
        title="app-z9d11ee4f-7d754477b6-k9sl7"
      >
        app-z9d11e...77b6-k9sl7
        <span
          class="bigger-click-zone cursor-pointer opacity-50"
          data-state="closed"
          data-testid="copy-container"
        >
          <span
            class="icon-solid-copy shrink-0 "
            role="img"
          />
        </span>
      </span>
    </div>
    <div
      class="flex min-w-[85px] whitespace-nowrap pt-0.5 text-neutral-50"
      data-testid="cell-version"
    >
      <span
        class="group/version"
      >
        <i
          aria-hidden="true"
          class="fa-solid fa-code-commit mr-1"
        />
        <span
          class=""
          data-state="closed"
        >
          53deb16
        </span>
        <span
          class="bigger-click-zone cursor-pointer ml-1 opacity-0 group-hover/version:opacity-80"
          data-state="closed"
          data-testid="copy-container"
        >
          <span
            class="icon-solid-copy shrink-0 "
            role="img"
          />
        </span>
      </span>
    </div>
    <div
      class="whitespace-nowrap px-4 pt-0.5 text-neutral-350"
      data-testid="cell-date"
      title="Mon, 07 Nov 2022 15:18:36 GMT"
    />
    <code
      class="code-ansi relative w-full select-text whitespace-pre-wrap break-all pr-6 pt-0.5 text-neutral-50"
    >
      <span>
        message
      </span>
    </code>
  </div>
</div>
`;
