// Jest Snapshot v1, https://goo.gl/fbAQLP

exports[`DeploymentSetting should match snapshot 1`] = `
<body>
  <div>
    <div
      class="flex flex-col gap-3"
    >
      <div>
        <div
          data-testid="input-textarea"
        >
          <div
            aria-label="textarea-container"
            class="input pb-0 pr-2    input--label-up"
          >
            <label
              class="translate-y-2 text-sm"
              for="Helm arguments"
            >
              Helm arguments
            </label>
            <textarea
              class="mt-5 min-h-[52px] w-full appearance-none bg-transparent pr-3 text-sm text-neutral-400 outline-0"
              id="Helm arguments"
              name="arguments"
            >
              ["--wait", "--atomic", "--debug"]
            </textarea>
          </div>
        </div>
        <p
          class="ml-4 mt-1 text-xs text-neutral-350"
        >
          Specify the helm arguments to be used during the helm install/upgrade. Expected format: ["-h", "0.0.0.0"]
          <br />
          <a
            class="cursor-pointer transition duration-100 font-medium inline-flex items-center gap-1 text-sky-500 hover:text-sky-600 text-xs mt-0.5"
            href="https://helm.sh/docs/helm/helm_install/"
            rel="noopener noreferrer"
            target="_blank"
          >
            See documentation
            <i
              aria-hidden="true"
              class="fa-solid fa-arrow-up-right-from-square text-2xs leading-4"
            />
          </a>
        </p>
      </div>
      <div
        class=""
        data-testid="input-text-wrapper"
      >
        <div
          class="relative"
        >
          <div
            aria-label="input-container"
            class="input    input--label-up "
          >
            <div
              class=""
            >
              <label
                class="translate-y-2 text-sm"
                for="Helm timeout"
              >
                Helm timeout
              </label>
              <input
                class="input__value "
                data-testid="input-text"
                id="Helm timeout"
                name="timeout_sec"
                type="text"
                value="600"
              />
            </div>
          </div>
        </div>
      </div>
      <div
        class="flex text-sm  items-start mt-2 "
        data-testid="input-toggle"
      >
        <div
          aria-label="toggle-btn"
          class="inline-flex items-center justify-between cursor-pointer"
          data-testid="input-toggle-button"
        >
          <input
            class="hidden"
            type="checkbox"
            value="false"
          />
          <div
            aria-label="bg"
            class="w-8 h-4.5 flex items-center rounded-full p-0.5  bg-neutral-300"
          >
            <div
              aria-label="circle"
              class="w-3.5 h-3.5 transform rounded-full bg-white shadow-lg  "
            />
          </div>
        </div>
        <div
          class="relative -top-1 ml-3 cursor-pointer flex flex-col gap-1"
        >
          <p
            class="font-medium text-neutral-400"
          >
            Allow cluster-wide resources
          </p>
          <div
            class="text-neutral-350"
          >
            Allow this chart to deploy resources outside of this environment namespace (including CRDs or non-namespaced resources).
          </div>
        </div>
      </div>
    </div>
  </div>
</body>
`;
